Component: ARM Compiler 6.16 Tool: armlink [5e4cc100]

==============================================================================

Section Cross References

    startup_stm32wba52xx.o(STACK) refers (Special) to heapauxi.o(.text) for __use_two_region_memory
    startup_stm32wba52xx.o(HEAP) refers (Special) to heapauxi.o(.text) for __use_two_region_memory
    startup_stm32wba52xx.o(RESET) refers (Special) to heapauxi.o(.text) for __use_two_region_memory
    startup_stm32wba52xx.o(RESET) refers to startup_stm32wba52xx.o(STACK) for __initial_sp
    startup_stm32wba52xx.o(RESET) refers to startup_stm32wba52xx.o(.text) for Reset_Handler
    startup_stm32wba52xx.o(RESET) refers to stm32wbaxx_it.o(.text.NMI_Handler) for NMI_Handler
    startup_stm32wba52xx.o(RESET) refers to stm32wbaxx_it.o(.text.HardFault_Handler) for HardFault_Handler
    startup_stm32wba52xx.o(RESET) refers to stm32wbaxx_it.o(.text.MemManage_Handler) for MemManage_Handler
    startup_stm32wba52xx.o(RESET) refers to stm32wbaxx_it.o(.text.BusFault_Handler) for BusFault_Handler
    startup_stm32wba52xx.o(RESET) refers to stm32wbaxx_it.o(.text.UsageFault_Handler) for UsageFault_Handler
    startup_stm32wba52xx.o(RESET) refers to stm32wbaxx_it.o(.text.SVC_Handler) for SVC_Handler
    startup_stm32wba52xx.o(RESET) refers to stm32wbaxx_it.o(.text.DebugMon_Handler) for DebugMon_Handler
    startup_stm32wba52xx.o(RESET) refers to stm32wbaxx_it.o(.text.PendSV_Handler) for PendSV_Handler
    startup_stm32wba52xx.o(RESET) refers to stm32wbaxx_it.o(.text.SysTick_Handler) for SysTick_Handler
    startup_stm32wba52xx.o(RESET) refers to stm32wbaxx_it.o(.text.GPDMA1_Channel0_IRQHandler) for GPDMA1_Channel0_IRQHandler
    startup_stm32wba52xx.o(.text) refers (Special) to heapauxi.o(.text) for __use_two_region_memory
    startup_stm32wba52xx.o(.text) refers to system_stm32wbaxx.o(.text.SystemInit) for SystemInit
    startup_stm32wba52xx.o(.text) refers to __main.o(!!!main) for __main
    startup_stm32wba52xx.o(.text) refers to startup_stm32wba52xx.o(HEAP) for Heap_Mem
    startup_stm32wba52xx.o(.text) refers to startup_stm32wba52xx.o(STACK) for Stack_Mem
    main.o(.text.main) refers to main.o(.text.SystemClock_Config) for SystemClock_Config
    main.o(.text.main) refers to stm32wbaxx_ll_gpio.o(.text.LL_GPIO_Init) for LL_GPIO_Init
    main.o(.text.main) refers to stm32wbaxx_ll_dma.o(.text.LL_DMA_Init) for LL_DMA_Init
    main.o(.text.main) refers to main.o(.rodata.aSRC_Const_Buffer) for aSRC_Const_Buffer
    main.o(.text.main) refers to main.o(.bss.aDST_Buffer) for aDST_Buffer
    main.o(.ARM.exidx.text.main) refers to main.o(.text.main) for [Anonymous Symbol]
    main.o(.text.SystemClock_Config) refers to stm32wbaxx_ll_utils.o(.text.LL_Init1msTick) for LL_Init1msTick
    main.o(.text.SystemClock_Config) refers to stm32wbaxx_ll_utils.o(.text.LL_SetSystemCoreClock) for LL_SetSystemCoreClock
    main.o(.ARM.exidx.text.SystemClock_Config) refers to main.o(.text.SystemClock_Config) for [Anonymous Symbol]
    main.o(.ARM.exidx.text.Buffercmp) refers to main.o(.text.Buffercmp) for [Anonymous Symbol]
    main.o(.ARM.exidx.text.LED_On) refers to main.o(.text.LED_On) for [Anonymous Symbol]
    main.o(.text.LED_Blinking) refers to stm32wbaxx_ll_utils.o(.text.LL_mDelay) for LL_mDelay
    main.o(.ARM.exidx.text.LED_Blinking) refers to main.o(.text.LED_Blinking) for [Anonymous Symbol]
    main.o(.text.TransferComplete) refers to main.o(.bss.aDST_Buffer) for aDST_Buffer
    main.o(.text.TransferComplete) refers to stm32wbaxx_ll_utils.o(.text.LL_mDelay) for LL_mDelay
    main.o(.ARM.exidx.text.TransferComplete) refers to main.o(.text.TransferComplete) for [Anonymous Symbol]
    main.o(.text.TransferError) refers to stm32wbaxx_ll_utils.o(.text.LL_mDelay) for LL_mDelay
    main.o(.ARM.exidx.text.TransferError) refers to main.o(.text.TransferError) for [Anonymous Symbol]
    main.o(.ARM.exidx.text.Error_Handler) refers to main.o(.text.Error_Handler) for [Anonymous Symbol]
    stm32wbaxx_it.o(.ARM.exidx.text.NMI_Handler) refers to stm32wbaxx_it.o(.text.NMI_Handler) for [Anonymous Symbol]
    stm32wbaxx_it.o(.ARM.exidx.text.HardFault_Handler) refers to stm32wbaxx_it.o(.text.HardFault_Handler) for [Anonymous Symbol]
    stm32wbaxx_it.o(.ARM.exidx.text.MemManage_Handler) refers to stm32wbaxx_it.o(.text.MemManage_Handler) for [Anonymous Symbol]
    stm32wbaxx_it.o(.ARM.exidx.text.BusFault_Handler) refers to stm32wbaxx_it.o(.text.BusFault_Handler) for [Anonymous Symbol]
    stm32wbaxx_it.o(.ARM.exidx.text.UsageFault_Handler) refers to stm32wbaxx_it.o(.text.UsageFault_Handler) for [Anonymous Symbol]
    stm32wbaxx_it.o(.ARM.exidx.text.SVC_Handler) refers to stm32wbaxx_it.o(.text.SVC_Handler) for [Anonymous Symbol]
    stm32wbaxx_it.o(.ARM.exidx.text.DebugMon_Handler) refers to stm32wbaxx_it.o(.text.DebugMon_Handler) for [Anonymous Symbol]
    stm32wbaxx_it.o(.ARM.exidx.text.PendSV_Handler) refers to stm32wbaxx_it.o(.text.PendSV_Handler) for [Anonymous Symbol]
    stm32wbaxx_it.o(.ARM.exidx.text.SysTick_Handler) refers to stm32wbaxx_it.o(.text.SysTick_Handler) for [Anonymous Symbol]
    stm32wbaxx_it.o(.text.GPDMA1_Channel0_IRQHandler) refers to main.o(.text.TransferError) for TransferError
    stm32wbaxx_it.o(.text.GPDMA1_Channel0_IRQHandler) refers to main.o(.text.TransferComplete) for TransferComplete
    stm32wbaxx_it.o(.ARM.exidx.text.GPDMA1_Channel0_IRQHandler) refers to stm32wbaxx_it.o(.text.GPDMA1_Channel0_IRQHandler) for [Anonymous Symbol]
    stm32wbaxx_ll_utils.o(.ARM.exidx.text.LL_Init1msTick) refers to stm32wbaxx_ll_utils.o(.text.LL_Init1msTick) for [Anonymous Symbol]
    stm32wbaxx_ll_utils.o(.ARM.exidx.text.LL_mDelay) refers to stm32wbaxx_ll_utils.o(.text.LL_mDelay) for [Anonymous Symbol]
    stm32wbaxx_ll_utils.o(.text.LL_SetSystemCoreClock) refers to system_stm32wbaxx.o(.data.SystemCoreClock) for SystemCoreClock
    stm32wbaxx_ll_utils.o(.ARM.exidx.text.LL_SetSystemCoreClock) refers to stm32wbaxx_ll_utils.o(.text.LL_SetSystemCoreClock) for [Anonymous Symbol]
    stm32wbaxx_ll_utils.o(.text.LL_PLL1_ConfigSystemClock_HSI) refers to stm32wbaxx_ll_utils.o(.text.UTILS_EnablePLLAndSwitchSystem) for UTILS_EnablePLLAndSwitchSystem
    stm32wbaxx_ll_utils.o(.ARM.exidx.text.LL_PLL1_ConfigSystemClock_HSI) refers to stm32wbaxx_ll_utils.o(.text.LL_PLL1_ConfigSystemClock_HSI) for [Anonymous Symbol]
    stm32wbaxx_ll_utils.o(.text.UTILS_EnablePLLAndSwitchSystem) refers to system_stm32wbaxx.o(.rodata.AHBPrescTable) for AHBPrescTable
    stm32wbaxx_ll_utils.o(.text.UTILS_EnablePLLAndSwitchSystem) refers to system_stm32wbaxx.o(.data.SystemCoreClock) for SystemCoreClock
    stm32wbaxx_ll_utils.o(.ARM.exidx.text.UTILS_EnablePLLAndSwitchSystem) refers to stm32wbaxx_ll_utils.o(.text.UTILS_EnablePLLAndSwitchSystem) for [Anonymous Symbol]
    stm32wbaxx_ll_utils.o(.text.LL_PLL1_ConfigSystemClock_HSE) refers to stm32wbaxx_ll_utils.o(.text.UTILS_EnablePLLAndSwitchSystem) for UTILS_EnablePLLAndSwitchSystem
    stm32wbaxx_ll_utils.o(.ARM.exidx.text.LL_PLL1_ConfigSystemClock_HSE) refers to stm32wbaxx_ll_utils.o(.text.LL_PLL1_ConfigSystemClock_HSE) for [Anonymous Symbol]
    stm32wbaxx_ll_utils.o(.ARM.exidx.text.LL_SetFlashLatency) refers to stm32wbaxx_ll_utils.o(.text.LL_SetFlashLatency) for [Anonymous Symbol]
    stm32wbaxx_ll_exti.o(.ARM.exidx.text.LL_EXTI_DeInit) refers to stm32wbaxx_ll_exti.o(.text.LL_EXTI_DeInit) for [Anonymous Symbol]
    stm32wbaxx_ll_exti.o(.ARM.exidx.text.LL_EXTI_Init) refers to stm32wbaxx_ll_exti.o(.text.LL_EXTI_Init) for [Anonymous Symbol]
    stm32wbaxx_ll_exti.o(.ARM.exidx.text.LL_EXTI_StructInit) refers to stm32wbaxx_ll_exti.o(.text.LL_EXTI_StructInit) for [Anonymous Symbol]
    stm32wbaxx_ll_gpio.o(.ARM.exidx.text.LL_GPIO_DeInit) refers to stm32wbaxx_ll_gpio.o(.text.LL_GPIO_DeInit) for [Anonymous Symbol]
    stm32wbaxx_ll_gpio.o(.ARM.exidx.text.LL_GPIO_Init) refers to stm32wbaxx_ll_gpio.o(.text.LL_GPIO_Init) for [Anonymous Symbol]
    stm32wbaxx_ll_gpio.o(.ARM.exidx.text.LL_GPIO_StructInit) refers to stm32wbaxx_ll_gpio.o(.text.LL_GPIO_StructInit) for [Anonymous Symbol]
    stm32wbaxx_ll_dma.o(.text.LL_DMA_DeInit) refers to stm32wbaxx_ll_dma.o(.rodata.cst32) for LL_DMA_CH_OFFSET_TAB
    stm32wbaxx_ll_dma.o(.ARM.exidx.text.LL_DMA_DeInit) refers to stm32wbaxx_ll_dma.o(.text.LL_DMA_DeInit) for [Anonymous Symbol]
    stm32wbaxx_ll_dma.o(.text.LL_DMA_Init) refers to stm32wbaxx_ll_dma.o(.rodata.cst32) for LL_DMA_CH_OFFSET_TAB
    stm32wbaxx_ll_dma.o(.ARM.exidx.text.LL_DMA_Init) refers to stm32wbaxx_ll_dma.o(.text.LL_DMA_Init) for [Anonymous Symbol]
    stm32wbaxx_ll_dma.o(.text.LL_DMA_StructInit) refers to rt_memclr_w.o(.text) for __aeabi_memclr4
    stm32wbaxx_ll_dma.o(.ARM.exidx.text.LL_DMA_StructInit) refers to stm32wbaxx_ll_dma.o(.text.LL_DMA_StructInit) for [Anonymous Symbol]
    stm32wbaxx_ll_dma.o(.ARM.exidx.text.LL_DMA_ListStructInit) refers to stm32wbaxx_ll_dma.o(.text.LL_DMA_ListStructInit) for [Anonymous Symbol]
    stm32wbaxx_ll_dma.o(.text.LL_DMA_List_DeInit) refers to stm32wbaxx_ll_dma.o(.rodata.cst32) for LL_DMA_CH_OFFSET_TAB
    stm32wbaxx_ll_dma.o(.ARM.exidx.text.LL_DMA_List_DeInit) refers to stm32wbaxx_ll_dma.o(.text.LL_DMA_List_DeInit) for [Anonymous Symbol]
    stm32wbaxx_ll_dma.o(.text.LL_DMA_List_Init) refers to stm32wbaxx_ll_dma.o(.rodata.cst32) for LL_DMA_CH_OFFSET_TAB
    stm32wbaxx_ll_dma.o(.ARM.exidx.text.LL_DMA_List_Init) refers to stm32wbaxx_ll_dma.o(.text.LL_DMA_List_Init) for [Anonymous Symbol]
    stm32wbaxx_ll_dma.o(.ARM.exidx.text.LL_DMA_NodeStructInit) refers to stm32wbaxx_ll_dma.o(.text.LL_DMA_NodeStructInit) for [Anonymous Symbol]
    stm32wbaxx_ll_dma.o(.ARM.exidx.text.LL_DMA_CreateLinkNode) refers to stm32wbaxx_ll_dma.o(.text.LL_DMA_CreateLinkNode) for [Anonymous Symbol]
    stm32wbaxx_ll_dma.o(.ARM.exidx.text.LL_DMA_ConnectLinkNode) refers to stm32wbaxx_ll_dma.o(.text.LL_DMA_ConnectLinkNode) for [Anonymous Symbol]
    stm32wbaxx_ll_dma.o(.ARM.exidx.text.LL_DMA_DisconnectNextLinkNode) refers to stm32wbaxx_ll_dma.o(.text.LL_DMA_DisconnectNextLinkNode) for [Anonymous Symbol]
    stm32wbaxx_ll_icache.o(.ARM.exidx.text.LL_ICACHE_ConfigRegion) refers to stm32wbaxx_ll_icache.o(.text.LL_ICACHE_ConfigRegion) for [Anonymous Symbol]
    stm32wbaxx_ll_pwr.o(.ARM.exidx.text.LL_PWR_DeInit) refers to stm32wbaxx_ll_pwr.o(.text.LL_PWR_DeInit) for [Anonymous Symbol]
    system_stm32wbaxx.o(.ARM.exidx.text.SystemInit) refers to system_stm32wbaxx.o(.text.SystemInit) for [Anonymous Symbol]
    system_stm32wbaxx.o(.text.SystemCoreClockUpdate) refers to system_stm32wbaxx.o(.data.SystemCoreClock) for SystemCoreClock
    system_stm32wbaxx.o(.text.SystemCoreClockUpdate) refers to system_stm32wbaxx.o(.rodata.AHBPrescTable) for AHBPrescTable
    system_stm32wbaxx.o(.ARM.exidx.text.SystemCoreClockUpdate) refers to system_stm32wbaxx.o(.text.SystemCoreClockUpdate) for [Anonymous Symbol]
    __main.o(!!!main) refers to __rtentry.o(.ARM.Collect$$rtentry$$00000000) for __rt_entry
    __rtentry.o(.ARM.Collect$$rtentry$$00000000) refers (Special) to __rtentry2.o(.ARM.Collect$$rtentry$$0000000A) for __rt_entry_li
    __rtentry.o(.ARM.Collect$$rtentry$$00000000) refers (Special) to __rtentry2.o(.ARM.Collect$$rtentry$$0000000D) for __rt_entry_main
    __rtentry.o(.ARM.Collect$$rtentry$$00000000) refers (Special) to __rtentry2.o(.ARM.Collect$$rtentry$$0000000C) for __rt_entry_postli_1
    __rtentry.o(.ARM.Collect$$rtentry$$00000000) refers (Special) to __rtentry2.o(.ARM.Collect$$rtentry$$00000009) for __rt_entry_postsh_1
    __rtentry.o(.ARM.Collect$$rtentry$$00000000) refers (Special) to __rtentry2.o(.ARM.Collect$$rtentry$$00000002) for __rt_entry_presh_1
    __rtentry.o(.ARM.Collect$$rtentry$$00000000) refers (Special) to __rtentry4.o(.ARM.Collect$$rtentry$$00000004) for __rt_entry_sh
    __rtentry2.o(.ARM.Collect$$rtentry$$00000008) refers to boardinit2.o(.text) for _platform_post_stackheap_init
    __rtentry2.o(.ARM.Collect$$rtentry$$0000000A) refers to libinit.o(.ARM.Collect$$libinit$$00000000) for __rt_lib_init
    __rtentry2.o(.ARM.Collect$$rtentry$$0000000B) refers to boardinit3.o(.text) for _platform_post_lib_init
    __rtentry2.o(.ARM.Collect$$rtentry$$0000000D) refers to main.o(.text.main) for main
    __rtentry2.o(.ARM.Collect$$rtentry$$0000000D) refers to exit.o(.text) for exit
    __rtentry2.o(.ARM.exidx) refers to __rtentry2.o(.ARM.Collect$$rtentry$$00000001) for .ARM.Collect$$rtentry$$00000001
    __rtentry2.o(.ARM.exidx) refers to __rtentry2.o(.ARM.Collect$$rtentry$$00000008) for .ARM.Collect$$rtentry$$00000008
    __rtentry2.o(.ARM.exidx) refers to __rtentry2.o(.ARM.Collect$$rtentry$$0000000A) for .ARM.Collect$$rtentry$$0000000A
    __rtentry2.o(.ARM.exidx) refers to __rtentry2.o(.ARM.Collect$$rtentry$$0000000B) for .ARM.Collect$$rtentry$$0000000B
    __rtentry2.o(.ARM.exidx) refers to __rtentry2.o(.ARM.Collect$$rtentry$$0000000D) for .ARM.Collect$$rtentry$$0000000D
    __rtentry4.o(.ARM.Collect$$rtentry$$00000004) refers to sys_stackheap_outer.o(.text) for __user_setup_stackheap
    __rtentry4.o(.ARM.exidx) refers to __rtentry4.o(.ARM.Collect$$rtentry$$00000004) for .ARM.Collect$$rtentry$$00000004
    sys_stackheap_outer.o(.text) refers to libspace.o(.text) for __user_perproc_libspace
    sys_stackheap_outer.o(.text) refers to startup_stm32wba52xx.o(.text) for __user_initial_stackheap
    exit.o(.text) refers to rtexit.o(.ARM.Collect$$rtexit$$00000000) for __rt_exit
    libinit.o(.ARM.Collect$$libinit$$00000000) refers (Special) to libinit2.o(.ARM.Collect$$libinit$$0000002E) for __rt_lib_init_alloca_1
    libinit.o(.ARM.Collect$$libinit$$00000000) refers (Special) to libinit2.o(.ARM.Collect$$libinit$$0000002C) for __rt_lib_init_argv_1
    libinit.o(.ARM.Collect$$libinit$$00000000) refers (Special) to libinit2.o(.ARM.Collect$$libinit$$0000001B) for __rt_lib_init_atexit_1
    libinit.o(.ARM.Collect$$libinit$$00000000) refers (Special) to libinit2.o(.ARM.Collect$$libinit$$00000021) for __rt_lib_init_clock_1
    libinit.o(.ARM.Collect$$libinit$$00000000) refers (Special) to libinit2.o(.ARM.Collect$$libinit$$00000032) for __rt_lib_init_cpp_1
    libinit.o(.ARM.Collect$$libinit$$00000000) refers (Special) to libinit2.o(.ARM.Collect$$libinit$$00000030) for __rt_lib_init_exceptions_1
    libinit.o(.ARM.Collect$$libinit$$00000000) refers (Special) to libinit2.o(.ARM.Collect$$libinit$$00000001) for __rt_lib_init_fp_1
    libinit.o(.ARM.Collect$$libinit$$00000000) refers (Special) to libinit2.o(.ARM.Collect$$libinit$$0000001F) for __rt_lib_init_fp_trap_1
    libinit.o(.ARM.Collect$$libinit$$00000000) refers (Special) to libinit2.o(.ARM.Collect$$libinit$$00000023) for __rt_lib_init_getenv_1
    libinit.o(.ARM.Collect$$libinit$$00000000) refers (Special) to libinit2.o(.ARM.Collect$$libinit$$0000000A) for __rt_lib_init_heap_1
    libinit.o(.ARM.Collect$$libinit$$00000000) refers (Special) to libinit2.o(.ARM.Collect$$libinit$$00000011) for __rt_lib_init_lc_collate_1
    libinit.o(.ARM.Collect$$libinit$$00000000) refers (Special) to libinit2.o(.ARM.Collect$$libinit$$00000013) for __rt_lib_init_lc_ctype_1
    libinit.o(.ARM.Collect$$libinit$$00000000) refers (Special) to libinit2.o(.ARM.Collect$$libinit$$00000015) for __rt_lib_init_lc_monetary_1
    libinit.o(.ARM.Collect$$libinit$$00000000) refers (Special) to libinit2.o(.ARM.Collect$$libinit$$00000017) for __rt_lib_init_lc_numeric_1
    libinit.o(.ARM.Collect$$libinit$$00000000) refers (Special) to libinit2.o(.ARM.Collect$$libinit$$00000019) for __rt_lib_init_lc_time_1
    libinit.o(.ARM.Collect$$libinit$$00000000) refers (Special) to libinit2.o(.ARM.Collect$$libinit$$00000004) for __rt_lib_init_preinit_1
    libinit.o(.ARM.Collect$$libinit$$00000000) refers (Special) to libinit2.o(.ARM.Collect$$libinit$$0000000E) for __rt_lib_init_rand_1
    libinit.o(.ARM.Collect$$libinit$$00000000) refers (Special) to libinit2.o(.ARM.Collect$$libinit$$00000033) for __rt_lib_init_return
    libinit.o(.ARM.Collect$$libinit$$00000000) refers (Special) to libinit2.o(.ARM.Collect$$libinit$$0000001D) for __rt_lib_init_signal_1
    libinit.o(.ARM.Collect$$libinit$$00000000) refers (Special) to libinit2.o(.ARM.Collect$$libinit$$00000025) for __rt_lib_init_stdio_1
    libinit.o(.ARM.Collect$$libinit$$00000000) refers (Special) to libinit2.o(.ARM.Collect$$libinit$$0000000C) for __rt_lib_init_user_alloc_1
    libspace.o(.text) refers to libspace.o(.bss) for __libspace_start
    rtexit.o(.ARM.Collect$$rtexit$$00000000) refers (Special) to rtexit2.o(.ARM.Collect$$rtexit$$00000004) for __rt_exit_exit
    rtexit.o(.ARM.Collect$$rtexit$$00000000) refers (Special) to rtexit2.o(.ARM.Collect$$rtexit$$00000003) for __rt_exit_ls
    rtexit.o(.ARM.Collect$$rtexit$$00000000) refers (Special) to rtexit2.o(.ARM.Collect$$rtexit$$00000002) for __rt_exit_prels_1
    rtexit.o(.ARM.exidx) refers (Special) to rtexit2.o(.ARM.Collect$$rtexit$$00000004) for __rt_exit_exit
    rtexit.o(.ARM.exidx) refers (Special) to rtexit2.o(.ARM.Collect$$rtexit$$00000003) for __rt_exit_ls
    rtexit.o(.ARM.exidx) refers (Special) to rtexit2.o(.ARM.Collect$$rtexit$$00000002) for __rt_exit_prels_1
    rtexit.o(.ARM.exidx) refers to rtexit.o(.ARM.Collect$$rtexit$$00000000) for .ARM.Collect$$rtexit$$00000000
    libinit2.o(.ARM.Collect$$libinit$$00000001) refers to fpinit.o(x$fpl$fpinit) for _fp_init
    libinit2.o(.ARM.Collect$$libinit$$00000010) refers to libinit2.o(.ARM.Collect$$libinit$$0000000F) for .ARM.Collect$$libinit$$0000000F
    libinit2.o(.ARM.Collect$$libinit$$00000012) refers to libinit2.o(.ARM.Collect$$libinit$$0000000F) for .ARM.Collect$$libinit$$0000000F
    libinit2.o(.ARM.Collect$$libinit$$00000014) refers to libinit2.o(.ARM.Collect$$libinit$$0000000F) for .ARM.Collect$$libinit$$0000000F
    libinit2.o(.ARM.Collect$$libinit$$00000016) refers to libinit2.o(.ARM.Collect$$libinit$$0000000F) for .ARM.Collect$$libinit$$0000000F
    libinit2.o(.ARM.Collect$$libinit$$00000018) refers to libinit2.o(.ARM.Collect$$libinit$$0000000F) for .ARM.Collect$$libinit$$0000000F
    libinit2.o(.ARM.Collect$$libinit$$00000026) refers to argv_veneer.o(.emb_text) for __ARM_argv_veneer
    libinit2.o(.ARM.Collect$$libinit$$00000027) refers to argv_veneer.o(.emb_text) for __ARM_argv_veneer
    rtexit2.o(.ARM.Collect$$rtexit$$00000003) refers to libshutdown.o(.ARM.Collect$$libshutdown$$00000000) for __rt_lib_shutdown
    rtexit2.o(.ARM.Collect$$rtexit$$00000004) refers to sys_exit.o(.text) for _sys_exit
    rtexit2.o(.ARM.exidx) refers to rtexit2.o(.ARM.Collect$$rtexit$$00000001) for .ARM.Collect$$rtexit$$00000001
    rtexit2.o(.ARM.exidx) refers to rtexit2.o(.ARM.Collect$$rtexit$$00000003) for .ARM.Collect$$rtexit$$00000003
    rtexit2.o(.ARM.exidx) refers to rtexit2.o(.ARM.Collect$$rtexit$$00000004) for .ARM.Collect$$rtexit$$00000004
    argv_veneer.o(.emb_text) refers to no_argv.o(.text) for __ARM_get_argv
    sys_exit.o(.text) refers (Special) to use_no_semi.o(.text) for __I$use$semihosting
    sys_exit.o(.text) refers (Special) to indicate_semi.o(.text) for __semihosting_library_function
    sys_exit_hlt.o(.text) refers (Special) to use_no_semi.o(.text) for __I$use$semihosting
    sys_exit_hlt.o(.text) refers (Special) to indicate_semi.o(.text) for __semihosting_library_function
    _get_argv_nomalloc.o(.text) refers (Special) to hrguard.o(.text) for __heap_region$guard
    _get_argv_nomalloc.o(.text) refers to defsig_rtmem_outer.o(.text) for __rt_SIGRTMEM
    _get_argv_nomalloc.o(.text) refers to sys_command.o(.text) for _sys_command_string
    libshutdown.o(.ARM.Collect$$libshutdown$$00000000) refers (Special) to libshutdown2.o(.ARM.Collect$$libshutdown$$00000002) for __rt_lib_shutdown_cpp_1
    libshutdown.o(.ARM.Collect$$libshutdown$$00000000) refers (Special) to libshutdown2.o(.ARM.Collect$$libshutdown$$00000007) for __rt_lib_shutdown_fp_trap_1
    libshutdown.o(.ARM.Collect$$libshutdown$$00000000) refers (Special) to libshutdown2.o(.ARM.Collect$$libshutdown$$0000000F) for __rt_lib_shutdown_heap_1
    libshutdown.o(.ARM.Collect$$libshutdown$$00000000) refers (Special) to libshutdown2.o(.ARM.Collect$$libshutdown$$00000010) for __rt_lib_shutdown_return
    libshutdown.o(.ARM.Collect$$libshutdown$$00000000) refers (Special) to libshutdown2.o(.ARM.Collect$$libshutdown$$0000000A) for __rt_lib_shutdown_signal_1
    libshutdown.o(.ARM.Collect$$libshutdown$$00000000) refers (Special) to libshutdown2.o(.ARM.Collect$$libshutdown$$00000004) for __rt_lib_shutdown_stdio_1
    libshutdown.o(.ARM.Collect$$libshutdown$$00000000) refers (Special) to libshutdown2.o(.ARM.Collect$$libshutdown$$0000000C) for __rt_lib_shutdown_user_alloc_1
    sys_command.o(.text) refers (Special) to use_no_semi.o(.text) for __I$use$semihosting
    sys_command.o(.text) refers (Special) to indicate_semi.o(.text) for __semihosting_library_function
    sys_command_hlt.o(.text) refers (Special) to use_no_semi.o(.text) for __I$use$semihosting
    sys_command_hlt.o(.text) refers (Special) to indicate_semi.o(.text) for __semihosting_library_function
    defsig_rtmem_outer.o(.text) refers to defsig_rtmem_inner.o(.text) for __rt_SIGRTMEM_inner
    defsig_rtmem_outer.o(.text) refers to defsig_exit.o(.text) for __sig_exit
    defsig_rtmem_formal.o(.text) refers to rt_raise.o(.text) for __rt_raise
    rt_raise.o(.text) refers to __raise.o(.text) for __raise
    rt_raise.o(.text) refers to sys_exit.o(.text) for _sys_exit
    defsig_exit.o(.text) refers to sys_exit.o(.text) for _sys_exit
    defsig_rtmem_inner.o(.text) refers to defsig_general.o(.text) for __default_signal_display
    __raise.o(.text) refers to defsig.o(CL$$defsig) for __default_signal_handler
    defsig_general.o(.text) refers to sys_wrch.o(.text) for _ttywrch
    sys_wrch.o(.text) refers (Special) to use_no_semi.o(.text) for __I$use$semihosting
    sys_wrch.o(.text) refers (Special) to indicate_semi.o(.text) for __semihosting_library_function
    sys_wrch_hlt.o(.text) refers (Special) to use_no_semi.o(.text) for __I$use$semihosting
    sys_wrch_hlt.o(.text) refers (Special) to indicate_semi.o(.text) for __semihosting_library_function
    defsig.o(CL$$defsig) refers to defsig_rtmem_inner.o(.text) for __rt_SIGRTMEM_inner
    defsig_abrt_inner.o(.text) refers to defsig_general.o(.text) for __default_signal_display
    defsig_fpe_inner.o(.text) refers to defsig_general.o(.text) for __default_signal_display
    defsig_rtred_inner.o(.text) refers to defsig_general.o(.text) for __default_signal_display
    defsig_stak_inner.o(.text) refers to defsig_general.o(.text) for __default_signal_display
    defsig_pvfn_inner.o(.text) refers to defsig_general.o(.text) for __default_signal_display
    defsig_cppl_inner.o(.text) refers to defsig_general.o(.text) for __default_signal_display
    defsig_segv_inner.o(.text) refers to defsig_general.o(.text) for __default_signal_display
    defsig_other.o(.text) refers to defsig_general.o(.text) for __default_signal_display


==============================================================================

Removing Unused input sections from the image.

    Removing main.o(.text), (0 bytes).
    Removing main.o(.ARM.exidx.text.main), (8 bytes).
    Removing main.o(.ARM.exidx.text.SystemClock_Config), (8 bytes).
    Removing main.o(.text.Buffercmp), (130 bytes).
    Removing main.o(.ARM.exidx.text.Buffercmp), (8 bytes).
    Removing main.o(.text.LED_On), (14 bytes).
    Removing main.o(.ARM.exidx.text.LED_On), (8 bytes).
    Removing main.o(.text.LED_Blinking), (42 bytes).
    Removing main.o(.ARM.exidx.text.LED_Blinking), (8 bytes).
    Removing main.o(.ARM.exidx.text.TransferComplete), (8 bytes).
    Removing main.o(.ARM.exidx.text.TransferError), (8 bytes).
    Removing main.o(.text.Error_Handler), (2 bytes).
    Removing main.o(.ARM.exidx.text.Error_Handler), (8 bytes).
    Removing main.o(.ARM.use_no_argv), (4 bytes).
    Removing stm32wbaxx_it.o(.text), (0 bytes).
    Removing stm32wbaxx_it.o(.ARM.exidx.text.NMI_Handler), (8 bytes).
    Removing stm32wbaxx_it.o(.ARM.exidx.text.HardFault_Handler), (8 bytes).
    Removing stm32wbaxx_it.o(.ARM.exidx.text.MemManage_Handler), (8 bytes).
    Removing stm32wbaxx_it.o(.ARM.exidx.text.BusFault_Handler), (8 bytes).
    Removing stm32wbaxx_it.o(.ARM.exidx.text.UsageFault_Handler), (8 bytes).
    Removing stm32wbaxx_it.o(.ARM.exidx.text.SVC_Handler), (8 bytes).
    Removing stm32wbaxx_it.o(.ARM.exidx.text.DebugMon_Handler), (8 bytes).
    Removing stm32wbaxx_it.o(.ARM.exidx.text.PendSV_Handler), (8 bytes).
    Removing stm32wbaxx_it.o(.ARM.exidx.text.SysTick_Handler), (8 bytes).
    Removing stm32wbaxx_it.o(.ARM.exidx.text.GPDMA1_Channel0_IRQHandler), (8 bytes).
    Removing stm32wbaxx_ll_utils.o(.text), (0 bytes).
    Removing stm32wbaxx_ll_utils.o(.ARM.exidx.text.LL_Init1msTick), (8 bytes).
    Removing stm32wbaxx_ll_utils.o(.ARM.exidx.text.LL_mDelay), (8 bytes).
    Removing stm32wbaxx_ll_utils.o(.ARM.exidx.text.LL_SetSystemCoreClock), (8 bytes).
    Removing stm32wbaxx_ll_utils.o(.text.LL_PLL1_ConfigSystemClock_HSI), (148 bytes).
    Removing stm32wbaxx_ll_utils.o(.ARM.exidx.text.LL_PLL1_ConfigSystemClock_HSI), (8 bytes).
    Removing stm32wbaxx_ll_utils.o(.text.UTILS_EnablePLLAndSwitchSystem), (546 bytes).
    Removing stm32wbaxx_ll_utils.o(.ARM.exidx.text.UTILS_EnablePLLAndSwitchSystem), (8 bytes).
    Removing stm32wbaxx_ll_utils.o(.text.LL_PLL1_ConfigSystemClock_HSE), (138 bytes).
    Removing stm32wbaxx_ll_utils.o(.ARM.exidx.text.LL_PLL1_ConfigSystemClock_HSE), (8 bytes).
    Removing stm32wbaxx_ll_utils.o(.text.LL_SetFlashLatency), (176 bytes).
    Removing stm32wbaxx_ll_utils.o(.ARM.exidx.text.LL_SetFlashLatency), (8 bytes).
    Removing stm32wbaxx_ll_exti.o(.text), (0 bytes).
    Removing stm32wbaxx_ll_exti.o(.text.LL_EXTI_DeInit), (44 bytes).
    Removing stm32wbaxx_ll_exti.o(.ARM.exidx.text.LL_EXTI_DeInit), (8 bytes).
    Removing stm32wbaxx_ll_exti.o(.text.LL_EXTI_Init), (194 bytes).
    Removing stm32wbaxx_ll_exti.o(.ARM.exidx.text.LL_EXTI_Init), (8 bytes).
    Removing stm32wbaxx_ll_exti.o(.text.LL_EXTI_StructInit), (12 bytes).
    Removing stm32wbaxx_ll_exti.o(.ARM.exidx.text.LL_EXTI_StructInit), (8 bytes).
    Removing stm32wbaxx_ll_gpio.o(.text), (0 bytes).
    Removing stm32wbaxx_ll_gpio.o(.text.LL_GPIO_DeInit), (136 bytes).
    Removing stm32wbaxx_ll_gpio.o(.ARM.exidx.text.LL_GPIO_DeInit), (8 bytes).
    Removing stm32wbaxx_ll_gpio.o(.ARM.exidx.text.LL_GPIO_Init), (8 bytes).
    Removing stm32wbaxx_ll_gpio.o(.text.LL_GPIO_StructInit), (20 bytes).
    Removing stm32wbaxx_ll_gpio.o(.ARM.exidx.text.LL_GPIO_StructInit), (8 bytes).
    Removing stm32wbaxx_ll_dma.o(.text), (0 bytes).
    Removing stm32wbaxx_ll_dma.o(.text.LL_DMA_DeInit), (236 bytes).
    Removing stm32wbaxx_ll_dma.o(.ARM.exidx.text.LL_DMA_DeInit), (8 bytes).
    Removing stm32wbaxx_ll_dma.o(.ARM.exidx.text.LL_DMA_Init), (8 bytes).
    Removing stm32wbaxx_ll_dma.o(.text.LL_DMA_StructInit), (34 bytes).
    Removing stm32wbaxx_ll_dma.o(.ARM.exidx.text.LL_DMA_StructInit), (8 bytes).
    Removing stm32wbaxx_ll_dma.o(.text.LL_DMA_ListStructInit), (16 bytes).
    Removing stm32wbaxx_ll_dma.o(.ARM.exidx.text.LL_DMA_ListStructInit), (8 bytes).
    Removing stm32wbaxx_ll_dma.o(.text.LL_DMA_List_DeInit), (236 bytes).
    Removing stm32wbaxx_ll_dma.o(.ARM.exidx.text.LL_DMA_List_DeInit), (8 bytes).
    Removing stm32wbaxx_ll_dma.o(.text.LL_DMA_List_Init), (56 bytes).
    Removing stm32wbaxx_ll_dma.o(.ARM.exidx.text.LL_DMA_List_Init), (8 bytes).
    Removing stm32wbaxx_ll_dma.o(.text.LL_DMA_NodeStructInit), (64 bytes).
    Removing stm32wbaxx_ll_dma.o(.ARM.exidx.text.LL_DMA_NodeStructInit), (8 bytes).
    Removing stm32wbaxx_ll_dma.o(.text.LL_DMA_CreateLinkNode), (264 bytes).
    Removing stm32wbaxx_ll_dma.o(.ARM.exidx.text.LL_DMA_CreateLinkNode), (8 bytes).
    Removing stm32wbaxx_ll_dma.o(.text.LL_DMA_ConnectLinkNode), (28 bytes).
    Removing stm32wbaxx_ll_dma.o(.ARM.exidx.text.LL_DMA_ConnectLinkNode), (8 bytes).
    Removing stm32wbaxx_ll_dma.o(.text.LL_DMA_DisconnectNextLinkNode), (8 bytes).
    Removing stm32wbaxx_ll_dma.o(.ARM.exidx.text.LL_DMA_DisconnectNextLinkNode), (8 bytes).
    Removing stm32wbaxx_ll_icache.o(.text), (0 bytes).
    Removing stm32wbaxx_ll_icache.o(.text.LL_ICACHE_ConfigRegion), (56 bytes).
    Removing stm32wbaxx_ll_icache.o(.ARM.exidx.text.LL_ICACHE_ConfigRegion), (8 bytes).
    Removing stm32wbaxx_ll_pwr.o(.text), (0 bytes).
    Removing stm32wbaxx_ll_pwr.o(.text.LL_PWR_DeInit), (20 bytes).
    Removing stm32wbaxx_ll_pwr.o(.ARM.exidx.text.LL_PWR_DeInit), (8 bytes).
    Removing system_stm32wbaxx.o(.text), (0 bytes).
    Removing system_stm32wbaxx.o(.ARM.exidx.text.SystemInit), (8 bytes).
    Removing system_stm32wbaxx.o(.text.SystemCoreClockUpdate), (268 bytes).
    Removing system_stm32wbaxx.o(.ARM.exidx.text.SystemCoreClockUpdate), (8 bytes).
    Removing system_stm32wbaxx.o(.rodata.AHBPrescTable), (8 bytes).
    Removing system_stm32wbaxx.o(.rodata.APBPrescTable), (8 bytes).
    Removing system_stm32wbaxx.o(.rodata.AHB5PrescTable), (8 bytes).

83 unused section(s) (total 3276 bytes) removed from the image.

==============================================================================

Image Symbol Table

    Local Symbols

    Symbol Name                              Value     Ov Type        Size  Object(Section)

    ../clib/angel/boardlib.s                 0x00000000   Number         0  boardinit1.o ABSOLUTE
    ../clib/angel/boardlib.s                 0x00000000   Number         0  boardinit2.o ABSOLUTE
    ../clib/angel/boardlib.s                 0x00000000   Number         0  boardinit3.o ABSOLUTE
    ../clib/angel/boardlib.s                 0x00000000   Number         0  boardshut.o ABSOLUTE
    ../clib/angel/handlers.s                 0x00000000   Number         0  __scatter_copy.o ABSOLUTE
    ../clib/angel/handlers.s                 0x00000000   Number         0  __scatter_zi.o ABSOLUTE
    ../clib/angel/kernel.s                   0x00000000   Number         0  __rtentry.o ABSOLUTE
    ../clib/angel/kernel.s                   0x00000000   Number         0  __rtentry2.o ABSOLUTE
    ../clib/angel/kernel.s                   0x00000000   Number         0  __rtentry4.o ABSOLUTE
    ../clib/angel/kernel.s                   0x00000000   Number         0  rtexit.o ABSOLUTE
    ../clib/angel/kernel.s                   0x00000000   Number         0  rtexit2.o ABSOLUTE
    ../clib/angel/rt.s                       0x00000000   Number         0  rt_raise.o ABSOLUTE
    ../clib/angel/scatter.s                  0x00000000   Number         0  __scatter.o ABSOLUTE
    ../clib/angel/startup.s                  0x00000000   Number         0  __main.o ABSOLUTE
    ../clib/angel/sys.s                      0x00000000   Number         0  sys_stackheap_outer.o ABSOLUTE
    ../clib/angel/sys.s                      0x00000000   Number         0  libspace.o ABSOLUTE
    ../clib/angel/sys.s                      0x00000000   Number         0  use_no_semi.o ABSOLUTE
    ../clib/angel/sys.s                      0x00000000   Number         0  indicate_semi.o ABSOLUTE
    ../clib/angel/sysapp.c                   0x00000000   Number         0  sys_exit.o ABSOLUTE
    ../clib/angel/sysapp.c                   0x00000000   Number         0  sys_exit_hlt.o ABSOLUTE
    ../clib/angel/sysapp.c                   0x00000000   Number         0  sys_command.o ABSOLUTE
    ../clib/angel/sysapp.c                   0x00000000   Number         0  sys_command_hlt.o ABSOLUTE
    ../clib/angel/sysapp.c                   0x00000000   Number         0  sys_wrch.o ABSOLUTE
    ../clib/angel/sysapp.c                   0x00000000   Number         0  sys_wrch_hlt.o ABSOLUTE
    ../clib/armsys.c                         0x00000000   Number         0  argv_veneer.o ABSOLUTE
    ../clib/armsys.c                         0x00000000   Number         0  argv_veneer.o ABSOLUTE
    ../clib/armsys.c                         0x00000000   Number         0  _get_argv_nomalloc.o ABSOLUTE
    ../clib/armsys.c                         0x00000000   Number         0  no_argv.o ABSOLUTE
    ../clib/heapalloc.c                      0x00000000   Number         0  hrguard.o ABSOLUTE
    ../clib/heapaux.c                        0x00000000   Number         0  heapauxi.o ABSOLUTE
    ../clib/libinit.s                        0x00000000   Number         0  libinit.o ABSOLUTE
    ../clib/libinit.s                        0x00000000   Number         0  libinit2.o ABSOLUTE
    ../clib/libinit.s                        0x00000000   Number         0  libshutdown.o ABSOLUTE
    ../clib/libinit.s                        0x00000000   Number         0  libshutdown2.o ABSOLUTE
    ../clib/memcpset.s                       0x00000000   Number         0  rt_memclr_w.o ABSOLUTE
    ../clib/signal.c                         0x00000000   Number         0  defsig_rtmem_outer.o ABSOLUTE
    ../clib/signal.c                         0x00000000   Number         0  defsig_rtmem_formal.o ABSOLUTE
    ../clib/signal.c                         0x00000000   Number         0  defsig_exit.o ABSOLUTE
    ../clib/signal.c                         0x00000000   Number         0  defsig_rtmem_inner.o ABSOLUTE
    ../clib/signal.c                         0x00000000   Number         0  __raise.o ABSOLUTE
    ../clib/signal.c                         0x00000000   Number         0  defsig_general.o ABSOLUTE
    ../clib/signal.c                         0x00000000   Number         0  defsig_abrt_inner.o ABSOLUTE
    ../clib/signal.c                         0x00000000   Number         0  defsig_fpe_inner.o ABSOLUTE
    ../clib/signal.c                         0x00000000   Number         0  defsig_rtred_inner.o ABSOLUTE
    ../clib/signal.c                         0x00000000   Number         0  defsig_stak_inner.o ABSOLUTE
    ../clib/signal.c                         0x00000000   Number         0  defsig_pvfn_inner.o ABSOLUTE
    ../clib/signal.c                         0x00000000   Number         0  defsig_cppl_inner.o ABSOLUTE
    ../clib/signal.c                         0x00000000   Number         0  defsig_segv_inner.o ABSOLUTE
    ../clib/signal.c                         0x00000000   Number         0  defsig_other.o ABSOLUTE
    ../clib/signal.s                         0x00000000   Number         0  defsig.o ABSOLUTE
    ../clib/stdlib.c                         0x00000000   Number         0  exit.o ABSOLUTE
    ../fplib/fpinit.s                        0x00000000   Number         0  fpinit.o ABSOLUTE
    dc.s                                     0x00000000   Number         0  dc.o ABSOLUTE
    main.c                                   0x00000000   Number         0  main.o ABSOLUTE
    startup_stm32wba52xx.s                   0x00000000   Number         0  startup_stm32wba52xx.o ABSOLUTE
    stm32wbaxx_it.c                          0x00000000   Number         0  stm32wbaxx_it.o ABSOLUTE
    stm32wbaxx_ll_dma.c                      0x00000000   Number         0  stm32wbaxx_ll_dma.o ABSOLUTE
    stm32wbaxx_ll_exti.c                     0x00000000   Number         0  stm32wbaxx_ll_exti.o ABSOLUTE
    stm32wbaxx_ll_gpio.c                     0x00000000   Number         0  stm32wbaxx_ll_gpio.o ABSOLUTE
    stm32wbaxx_ll_icache.c                   0x00000000   Number         0  stm32wbaxx_ll_icache.o ABSOLUTE
    stm32wbaxx_ll_pwr.c                      0x00000000   Number         0  stm32wbaxx_ll_pwr.o ABSOLUTE
    stm32wbaxx_ll_utils.c                    0x00000000   Number         0  stm32wbaxx_ll_utils.o ABSOLUTE
    system_stm32wbaxx.c                      0x00000000   Number         0  system_stm32wbaxx.o ABSOLUTE
    RESET                                    0x08000000   Section      344  startup_stm32wba52xx.o(RESET)
    !!!main                                  0x08000158   Section        8  __main.o(!!!main)
    !!!scatter                               0x08000160   Section       52  __scatter.o(!!!scatter)
    !!handler_copy                           0x08000194   Section       26  __scatter_copy.o(!!handler_copy)
    !!handler_zi                             0x080001b0   Section       28  __scatter_zi.o(!!handler_zi)
    .ARM.Collect$$libinit$$00000000          0x080001cc   Section        2  libinit.o(.ARM.Collect$$libinit$$00000000)
    .ARM.Collect$$libinit$$00000001          0x080001ce   Section        4  libinit2.o(.ARM.Collect$$libinit$$00000001)
    .ARM.Collect$$libinit$$00000004          0x080001d2   Section        0  libinit2.o(.ARM.Collect$$libinit$$00000004)
    .ARM.Collect$$libinit$$0000000A          0x080001d2   Section        0  libinit2.o(.ARM.Collect$$libinit$$0000000A)
    .ARM.Collect$$libinit$$0000000C          0x080001d2   Section        0  libinit2.o(.ARM.Collect$$libinit$$0000000C)
    .ARM.Collect$$libinit$$0000000E          0x080001d2   Section        0  libinit2.o(.ARM.Collect$$libinit$$0000000E)
    .ARM.Collect$$libinit$$00000011          0x080001d2   Section        0  libinit2.o(.ARM.Collect$$libinit$$00000011)
    .ARM.Collect$$libinit$$00000013          0x080001d2   Section        0  libinit2.o(.ARM.Collect$$libinit$$00000013)
    .ARM.Collect$$libinit$$00000015          0x080001d2   Section        0  libinit2.o(.ARM.Collect$$libinit$$00000015)
    .ARM.Collect$$libinit$$00000017          0x080001d2   Section        0  libinit2.o(.ARM.Collect$$libinit$$00000017)
    .ARM.Collect$$libinit$$00000019          0x080001d2   Section        0  libinit2.o(.ARM.Collect$$libinit$$00000019)
    .ARM.Collect$$libinit$$0000001B          0x080001d2   Section        0  libinit2.o(.ARM.Collect$$libinit$$0000001B)
    .ARM.Collect$$libinit$$0000001D          0x080001d2   Section        0  libinit2.o(.ARM.Collect$$libinit$$0000001D)
    .ARM.Collect$$libinit$$0000001F          0x080001d2   Section        0  libinit2.o(.ARM.Collect$$libinit$$0000001F)
    .ARM.Collect$$libinit$$00000021          0x080001d2   Section        0  libinit2.o(.ARM.Collect$$libinit$$00000021)
    .ARM.Collect$$libinit$$00000023          0x080001d2   Section        0  libinit2.o(.ARM.Collect$$libinit$$00000023)
    .ARM.Collect$$libinit$$00000025          0x080001d2   Section        0  libinit2.o(.ARM.Collect$$libinit$$00000025)
    .ARM.Collect$$libinit$$0000002C          0x080001d2   Section        0  libinit2.o(.ARM.Collect$$libinit$$0000002C)
    .ARM.Collect$$libinit$$0000002E          0x080001d2   Section        0  libinit2.o(.ARM.Collect$$libinit$$0000002E)
    .ARM.Collect$$libinit$$00000030          0x080001d2   Section        0  libinit2.o(.ARM.Collect$$libinit$$00000030)
    .ARM.Collect$$libinit$$00000032          0x080001d2   Section        0  libinit2.o(.ARM.Collect$$libinit$$00000032)
    .ARM.Collect$$libinit$$00000033          0x080001d2   Section        2  libinit2.o(.ARM.Collect$$libinit$$00000033)
    .ARM.Collect$$libshutdown$$00000000      0x080001d4   Section        2  libshutdown.o(.ARM.Collect$$libshutdown$$00000000)
    .ARM.Collect$$libshutdown$$00000002      0x080001d6   Section        0  libshutdown2.o(.ARM.Collect$$libshutdown$$00000002)
    .ARM.Collect$$libshutdown$$00000004      0x080001d6   Section        0  libshutdown2.o(.ARM.Collect$$libshutdown$$00000004)
    .ARM.Collect$$libshutdown$$00000007      0x080001d6   Section        0  libshutdown2.o(.ARM.Collect$$libshutdown$$00000007)
    .ARM.Collect$$libshutdown$$0000000A      0x080001d6   Section        0  libshutdown2.o(.ARM.Collect$$libshutdown$$0000000A)
    .ARM.Collect$$libshutdown$$0000000C      0x080001d6   Section        0  libshutdown2.o(.ARM.Collect$$libshutdown$$0000000C)
    .ARM.Collect$$libshutdown$$0000000F      0x080001d6   Section        0  libshutdown2.o(.ARM.Collect$$libshutdown$$0000000F)
    .ARM.Collect$$libshutdown$$00000010      0x080001d6   Section        2  libshutdown2.o(.ARM.Collect$$libshutdown$$00000010)
    .ARM.Collect$$rtentry$$00000000          0x080001d8   Section        0  __rtentry.o(.ARM.Collect$$rtentry$$00000000)
    .ARM.Collect$$rtentry$$00000002          0x080001d8   Section        0  __rtentry2.o(.ARM.Collect$$rtentry$$00000002)
    .ARM.Collect$$rtentry$$00000004          0x080001d8   Section        6  __rtentry4.o(.ARM.Collect$$rtentry$$00000004)
    .ARM.Collect$$rtentry$$00000009          0x080001de   Section        0  __rtentry2.o(.ARM.Collect$$rtentry$$00000009)
    .ARM.Collect$$rtentry$$0000000A          0x080001de   Section        4  __rtentry2.o(.ARM.Collect$$rtentry$$0000000A)
    .ARM.Collect$$rtentry$$0000000C          0x080001e2   Section        0  __rtentry2.o(.ARM.Collect$$rtentry$$0000000C)
    .ARM.Collect$$rtentry$$0000000D          0x080001e2   Section        8  __rtentry2.o(.ARM.Collect$$rtentry$$0000000D)
    .ARM.Collect$$rtexit$$00000000           0x080001ea   Section        2  rtexit.o(.ARM.Collect$$rtexit$$00000000)
    .ARM.Collect$$rtexit$$00000002           0x080001ec   Section        0  rtexit2.o(.ARM.Collect$$rtexit$$00000002)
    .ARM.Collect$$rtexit$$00000003           0x080001ec   Section        4  rtexit2.o(.ARM.Collect$$rtexit$$00000003)
    .ARM.Collect$$rtexit$$00000004           0x080001f0   Section        6  rtexit2.o(.ARM.Collect$$rtexit$$00000004)
    $v0                                      0x080001f8   Number         0  startup_stm32wba52xx.o(.text)
    .text                                    0x080001f8   Section       68  startup_stm32wba52xx.o(.text)
    .text                                    0x0800023c   Section        0  heapauxi.o(.text)
    .text                                    0x08000242   Section       74  sys_stackheap_outer.o(.text)
    .text                                    0x0800028c   Section        0  exit.o(.text)
    .text                                    0x080002a0   Section        8  libspace.o(.text)
    .text                                    0x080002a8   Section        0  sys_exit.o(.text)
    .text                                    0x080002b4   Section        2  use_no_semi.o(.text)
    .text                                    0x080002b6   Section        0  indicate_semi.o(.text)
    [Anonymous Symbol]                       0x080002b8   Section        0  stm32wbaxx_it.o(.text.BusFault_Handler)
    [Anonymous Symbol]                       0x080002bc   Section        0  stm32wbaxx_it.o(.text.DebugMon_Handler)
    [Anonymous Symbol]                       0x080002c0   Section        0  stm32wbaxx_it.o(.text.GPDMA1_Channel0_IRQHandler)
    [Anonymous Symbol]                       0x080002e4   Section        0  stm32wbaxx_it.o(.text.HardFault_Handler)
    [Anonymous Symbol]                       0x080002e8   Section        0  stm32wbaxx_ll_dma.o(.text.LL_DMA_Init)
    [Anonymous Symbol]                       0x08000418   Section        0  stm32wbaxx_ll_gpio.o(.text.LL_GPIO_Init)
    [Anonymous Symbol]                       0x08000500   Section        0  stm32wbaxx_ll_utils.o(.text.LL_Init1msTick)
    [Anonymous Symbol]                       0x08000528   Section        0  stm32wbaxx_ll_utils.o(.text.LL_SetSystemCoreClock)
    [Anonymous Symbol]                       0x08000534   Section        0  stm32wbaxx_ll_utils.o(.text.LL_mDelay)
    [Anonymous Symbol]                       0x0800057c   Section        0  stm32wbaxx_it.o(.text.MemManage_Handler)
    [Anonymous Symbol]                       0x08000580   Section        0  stm32wbaxx_it.o(.text.NMI_Handler)
    [Anonymous Symbol]                       0x08000584   Section        0  stm32wbaxx_it.o(.text.PendSV_Handler)
    [Anonymous Symbol]                       0x08000588   Section        0  stm32wbaxx_it.o(.text.SVC_Handler)
    [Anonymous Symbol]                       0x0800058c   Section        0  stm32wbaxx_it.o(.text.SysTick_Handler)
    [Anonymous Symbol]                       0x08000590   Section        0  main.o(.text.SystemClock_Config)
    [Anonymous Symbol]                       0x08000728   Section        0  system_stm32wbaxx.o(.text.SystemInit)
    [Anonymous Symbol]                       0x08000820   Section        0  main.o(.text.TransferComplete)
    [Anonymous Symbol]                       0x080009b8   Section        0  main.o(.text.TransferError)
    [Anonymous Symbol]                       0x080009e4   Section        0  stm32wbaxx_it.o(.text.UsageFault_Handler)
    [Anonymous Symbol]                       0x080009e8   Section        0  main.o(.text.main)
    $v0                                      0x08000b5e   Number         0  fpinit.o(x$fpl$fpinit)
    x$fpl$fpinit                             0x08000b5e   Section       26  fpinit.o(x$fpl$fpinit)
    aSRC_Const_Buffer                        0x08000b78   Data         128  main.o(.rodata.aSRC_Const_Buffer)
    [Anonymous Symbol]                       0x08000b78   Section        0  main.o(.rodata.aSRC_Const_Buffer)
    LL_DMA_CH_OFFSET_TAB                     0x08000bf8   Data          32  stm32wbaxx_ll_dma.o(.rodata.cst32)
    [Anonymous Symbol]                       0x08000bf8   Section        0  stm32wbaxx_ll_dma.o(.rodata.cst32)
    .bss                                     0x20000008   Section       96  libspace.o(.bss)
    aDST_Buffer                              0x20000068   Data         128  main.o(.bss.aDST_Buffer)
    [Anonymous Symbol]                       0x20000068   Section        0  main.o(.bss.aDST_Buffer)
    Heap_Mem                                 0x200000e8   Data         512  startup_stm32wba52xx.o(HEAP)
    HEAP                                     0x200000e8   Section      512  startup_stm32wba52xx.o(HEAP)
    Stack_Mem                                0x200002e8   Data        1024  startup_stm32wba52xx.o(STACK)
    STACK                                    0x200002e8   Section     1024  startup_stm32wba52xx.o(STACK)
    __initial_sp                             0x200006e8   Data           0  startup_stm32wba52xx.o(STACK)

    Global Symbols

    Symbol Name                              Value     Ov Type        Size  Object(Section)

    BuildAttributes$$THM_ISAv4$P$D$K$B$S$8M$VFPi5$EXTD16$VFPS$VFMA$PE$A:L22UL41UL21$X:L11$S22US41US21$IEEE1$IW$~IW$USESV6$~STKCKD$USESV7$~SHL$OTIME$ROPI$EBA8$UX$STANDARDLIB$REQ8$PRES8$EABIv2 0x00000000   Number         0  anon$$obj.o ABSOLUTE
    __ARM_exceptions_init                     - Undefined Weak Reference
    __alloca_initialize                       - Undefined Weak Reference
    __arm_preinit_                            - Undefined Weak Reference
    __cpp_initialize__aeabi_                  - Undefined Weak Reference
    __cxa_finalize                            - Undefined Weak Reference
    __rt_locale                               - Undefined Weak Reference
    __sigvec_lookup                           - Undefined Weak Reference
    _atexit_init                              - Undefined Weak Reference
    _call_atexit_fns                          - Undefined Weak Reference
    _clock_init                               - Undefined Weak Reference
    _fp_trap_init                             - Undefined Weak Reference
    _fp_trap_shutdown                         - Undefined Weak Reference
    _get_lc_collate                           - Undefined Weak Reference
    _get_lc_ctype                             - Undefined Weak Reference
    _get_lc_monetary                          - Undefined Weak Reference
    _get_lc_numeric                           - Undefined Weak Reference
    _get_lc_time                              - Undefined Weak Reference
    _getenv_init                              - Undefined Weak Reference
    _handle_redirection                       - Undefined Weak Reference
    _init_alloc                               - Undefined Weak Reference
    _init_user_alloc                          - Undefined Weak Reference
    _initio                                   - Undefined Weak Reference
    _rand_init                                - Undefined Weak Reference
    _signal_finish                            - Undefined Weak Reference
    _signal_init                              - Undefined Weak Reference
    _terminate_alloc                          - Undefined Weak Reference
    _terminate_user_alloc                     - Undefined Weak Reference
    _terminateio                              - Undefined Weak Reference
    __Vectors_Size                           0x00000158   Number         0  startup_stm32wba52xx.o ABSOLUTE
    __Vectors                                0x08000000   Data           4  startup_stm32wba52xx.o(RESET)
    __Vectors_End                            0x08000158   Data           0  startup_stm32wba52xx.o(RESET)
    __main                                   0x08000159   Thumb Code     8  __main.o(!!!main)
    __scatterload                            0x08000161   Thumb Code     0  __scatter.o(!!!scatter)
    __scatterload_rt2                        0x08000161   Thumb Code    44  __scatter.o(!!!scatter)
    __scatterload_rt2_thumb_only             0x08000161   Thumb Code     0  __scatter.o(!!!scatter)
    __scatterload_null                       0x0800016f   Thumb Code     0  __scatter.o(!!!scatter)
    __scatterload_copy                       0x08000195   Thumb Code    26  __scatter_copy.o(!!handler_copy)
    __scatterload_zeroinit                   0x080001b1   Thumb Code    28  __scatter_zi.o(!!handler_zi)
    __rt_lib_init                            0x080001cd   Thumb Code     0  libinit.o(.ARM.Collect$$libinit$$00000000)
    __rt_lib_init_fp_1                       0x080001cf   Thumb Code     0  libinit2.o(.ARM.Collect$$libinit$$00000001)
    __rt_lib_init_alloca_1                   0x080001d3   Thumb Code     0  libinit2.o(.ARM.Collect$$libinit$$0000002E)
    __rt_lib_init_argv_1                     0x080001d3   Thumb Code     0  libinit2.o(.ARM.Collect$$libinit$$0000002C)
    __rt_lib_init_atexit_1                   0x080001d3   Thumb Code     0  libinit2.o(.ARM.Collect$$libinit$$0000001B)
    __rt_lib_init_clock_1                    0x080001d3   Thumb Code     0  libinit2.o(.ARM.Collect$$libinit$$00000021)
    __rt_lib_init_cpp_1                      0x080001d3   Thumb Code     0  libinit2.o(.ARM.Collect$$libinit$$00000032)
    __rt_lib_init_exceptions_1               0x080001d3   Thumb Code     0  libinit2.o(.ARM.Collect$$libinit$$00000030)
    __rt_lib_init_fp_trap_1                  0x080001d3   Thumb Code     0  libinit2.o(.ARM.Collect$$libinit$$0000001F)
    __rt_lib_init_getenv_1                   0x080001d3   Thumb Code     0  libinit2.o(.ARM.Collect$$libinit$$00000023)
    __rt_lib_init_heap_1                     0x080001d3   Thumb Code     0  libinit2.o(.ARM.Collect$$libinit$$0000000A)
    __rt_lib_init_lc_collate_1               0x080001d3   Thumb Code     0  libinit2.o(.ARM.Collect$$libinit$$00000011)
    __rt_lib_init_lc_ctype_1                 0x080001d3   Thumb Code     0  libinit2.o(.ARM.Collect$$libinit$$00000013)
    __rt_lib_init_lc_monetary_1              0x080001d3   Thumb Code     0  libinit2.o(.ARM.Collect$$libinit$$00000015)
    __rt_lib_init_lc_numeric_1               0x080001d3   Thumb Code     0  libinit2.o(.ARM.Collect$$libinit$$00000017)
    __rt_lib_init_lc_time_1                  0x080001d3   Thumb Code     0  libinit2.o(.ARM.Collect$$libinit$$00000019)
    __rt_lib_init_preinit_1                  0x080001d3   Thumb Code     0  libinit2.o(.ARM.Collect$$libinit$$00000004)
    __rt_lib_init_rand_1                     0x080001d3   Thumb Code     0  libinit2.o(.ARM.Collect$$libinit$$0000000E)
    __rt_lib_init_return                     0x080001d3   Thumb Code     0  libinit2.o(.ARM.Collect$$libinit$$00000033)
    __rt_lib_init_signal_1                   0x080001d3   Thumb Code     0  libinit2.o(.ARM.Collect$$libinit$$0000001D)
    __rt_lib_init_stdio_1                    0x080001d3   Thumb Code     0  libinit2.o(.ARM.Collect$$libinit$$00000025)
    __rt_lib_init_user_alloc_1               0x080001d3   Thumb Code     0  libinit2.o(.ARM.Collect$$libinit$$0000000C)
    __rt_lib_shutdown                        0x080001d5   Thumb Code     0  libshutdown.o(.ARM.Collect$$libshutdown$$00000000)
    __rt_lib_shutdown_cpp_1                  0x080001d7   Thumb Code     0  libshutdown2.o(.ARM.Collect$$libshutdown$$00000002)
    __rt_lib_shutdown_fp_trap_1              0x080001d7   Thumb Code     0  libshutdown2.o(.ARM.Collect$$libshutdown$$00000007)
    __rt_lib_shutdown_heap_1                 0x080001d7   Thumb Code     0  libshutdown2.o(.ARM.Collect$$libshutdown$$0000000F)
    __rt_lib_shutdown_return                 0x080001d7   Thumb Code     0  libshutdown2.o(.ARM.Collect$$libshutdown$$00000010)
    __rt_lib_shutdown_signal_1               0x080001d7   Thumb Code     0  libshutdown2.o(.ARM.Collect$$libshutdown$$0000000A)
    __rt_lib_shutdown_stdio_1                0x080001d7   Thumb Code     0  libshutdown2.o(.ARM.Collect$$libshutdown$$00000004)
    __rt_lib_shutdown_user_alloc_1           0x080001d7   Thumb Code     0  libshutdown2.o(.ARM.Collect$$libshutdown$$0000000C)
    __rt_entry                               0x080001d9   Thumb Code     0  __rtentry.o(.ARM.Collect$$rtentry$$00000000)
    __rt_entry_presh_1                       0x080001d9   Thumb Code     0  __rtentry2.o(.ARM.Collect$$rtentry$$00000002)
    __rt_entry_sh                            0x080001d9   Thumb Code     0  __rtentry4.o(.ARM.Collect$$rtentry$$00000004)
    __rt_entry_li                            0x080001df   Thumb Code     0  __rtentry2.o(.ARM.Collect$$rtentry$$0000000A)
    __rt_entry_postsh_1                      0x080001df   Thumb Code     0  __rtentry2.o(.ARM.Collect$$rtentry$$00000009)
    __rt_entry_main                          0x080001e3   Thumb Code     0  __rtentry2.o(.ARM.Collect$$rtentry$$0000000D)
    __rt_entry_postli_1                      0x080001e3   Thumb Code     0  __rtentry2.o(.ARM.Collect$$rtentry$$0000000C)
    __rt_exit                                0x080001eb   Thumb Code     0  rtexit.o(.ARM.Collect$$rtexit$$00000000)
    __rt_exit_ls                             0x080001ed   Thumb Code     0  rtexit2.o(.ARM.Collect$$rtexit$$00000003)
    __rt_exit_prels_1                        0x080001ed   Thumb Code     0  rtexit2.o(.ARM.Collect$$rtexit$$00000002)
    __rt_exit_exit                           0x080001f1   Thumb Code     0  rtexit2.o(.ARM.Collect$$rtexit$$00000004)
    Reset_Handler                            0x080001f9   Thumb Code     8  startup_stm32wba52xx.o(.text)
    SecureFault_Handler                      0x0800020b   Thumb Code     2  startup_stm32wba52xx.o(.text)
    ADC4_IRQHandler                          0x08000215   Thumb Code     0  startup_stm32wba52xx.o(.text)
    AES_IRQHandler                           0x08000215   Thumb Code     0  startup_stm32wba52xx.o(.text)
    EXTI0_IRQHandler                         0x08000215   Thumb Code     0  startup_stm32wba52xx.o(.text)
    EXTI10_IRQHandler                        0x08000215   Thumb Code     0  startup_stm32wba52xx.o(.text)
    EXTI11_IRQHandler                        0x08000215   Thumb Code     0  startup_stm32wba52xx.o(.text)
    EXTI12_IRQHandler                        0x08000215   Thumb Code     0  startup_stm32wba52xx.o(.text)
    EXTI13_IRQHandler                        0x08000215   Thumb Code     0  startup_stm32wba52xx.o(.text)
    EXTI14_IRQHandler                        0x08000215   Thumb Code     0  startup_stm32wba52xx.o(.text)
    EXTI15_IRQHandler                        0x08000215   Thumb Code     0  startup_stm32wba52xx.o(.text)
    EXTI1_IRQHandler                         0x08000215   Thumb Code     0  startup_stm32wba52xx.o(.text)
    EXTI2_IRQHandler                         0x08000215   Thumb Code     0  startup_stm32wba52xx.o(.text)
    EXTI3_IRQHandler                         0x08000215   Thumb Code     0  startup_stm32wba52xx.o(.text)
    EXTI4_IRQHandler                         0x08000215   Thumb Code     0  startup_stm32wba52xx.o(.text)
    EXTI5_IRQHandler                         0x08000215   Thumb Code     0  startup_stm32wba52xx.o(.text)
    EXTI6_IRQHandler                         0x08000215   Thumb Code     0  startup_stm32wba52xx.o(.text)
    EXTI7_IRQHandler                         0x08000215   Thumb Code     0  startup_stm32wba52xx.o(.text)
    EXTI8_IRQHandler                         0x08000215   Thumb Code     0  startup_stm32wba52xx.o(.text)
    EXTI9_IRQHandler                         0x08000215   Thumb Code     0  startup_stm32wba52xx.o(.text)
    FLASH_IRQHandler                         0x08000215   Thumb Code     0  startup_stm32wba52xx.o(.text)
    FLASH_S_IRQHandler                       0x08000215   Thumb Code     0  startup_stm32wba52xx.o(.text)
    FPU_IRQHandler                           0x08000215   Thumb Code     0  startup_stm32wba52xx.o(.text)
    GPDMA1_Channel1_IRQHandler               0x08000215   Thumb Code     0  startup_stm32wba52xx.o(.text)
    GPDMA1_Channel2_IRQHandler               0x08000215   Thumb Code     0  startup_stm32wba52xx.o(.text)
    GPDMA1_Channel3_IRQHandler               0x08000215   Thumb Code     0  startup_stm32wba52xx.o(.text)
    GPDMA1_Channel4_IRQHandler               0x08000215   Thumb Code     0  startup_stm32wba52xx.o(.text)
    GPDMA1_Channel5_IRQHandler               0x08000215   Thumb Code     0  startup_stm32wba52xx.o(.text)
    GPDMA1_Channel6_IRQHandler               0x08000215   Thumb Code     0  startup_stm32wba52xx.o(.text)
    GPDMA1_Channel7_IRQHandler               0x08000215   Thumb Code     0  startup_stm32wba52xx.o(.text)
    GTZC_IRQHandler                          0x08000215   Thumb Code     0  startup_stm32wba52xx.o(.text)
    HASH_IRQHandler                          0x08000215   Thumb Code     0  startup_stm32wba52xx.o(.text)
    HSEM_IRQHandler                          0x08000215   Thumb Code     0  startup_stm32wba52xx.o(.text)
    HSEM_S_IRQHandler                        0x08000215   Thumb Code     0  startup_stm32wba52xx.o(.text)
    I2C1_ER_IRQHandler                       0x08000215   Thumb Code     0  startup_stm32wba52xx.o(.text)
    I2C1_EV_IRQHandler                       0x08000215   Thumb Code     0  startup_stm32wba52xx.o(.text)
    I2C3_ER_IRQHandler                       0x08000215   Thumb Code     0  startup_stm32wba52xx.o(.text)
    I2C3_EV_IRQHandler                       0x08000215   Thumb Code     0  startup_stm32wba52xx.o(.text)
    ICACHE_IRQHandler                        0x08000215   Thumb Code     0  startup_stm32wba52xx.o(.text)
    IWDG_IRQHandler                          0x08000215   Thumb Code     0  startup_stm32wba52xx.o(.text)
    LPTIM1_IRQHandler                        0x08000215   Thumb Code     0  startup_stm32wba52xx.o(.text)
    LPTIM2_IRQHandler                        0x08000215   Thumb Code     0  startup_stm32wba52xx.o(.text)
    LPUART1_IRQHandler                       0x08000215   Thumb Code     0  startup_stm32wba52xx.o(.text)
    PKA_IRQHandler                           0x08000215   Thumb Code     0  startup_stm32wba52xx.o(.text)
    PVD_IRQHandler                           0x08000215   Thumb Code     0  startup_stm32wba52xx.o(.text)
    RADIO_IRQHandler                         0x08000215   Thumb Code     0  startup_stm32wba52xx.o(.text)
    RAMCFG_IRQHandler                        0x08000215   Thumb Code     0  startup_stm32wba52xx.o(.text)
    RCC_IRQHandler                           0x08000215   Thumb Code     0  startup_stm32wba52xx.o(.text)
    RCC_S_IRQHandler                         0x08000215   Thumb Code     0  startup_stm32wba52xx.o(.text)
    RNG_IRQHandler                           0x08000215   Thumb Code     0  startup_stm32wba52xx.o(.text)
    RTC_IRQHandler                           0x08000215   Thumb Code     0  startup_stm32wba52xx.o(.text)
    RTC_S_IRQHandler                         0x08000215   Thumb Code     0  startup_stm32wba52xx.o(.text)
    SAES_IRQHandler                          0x08000215   Thumb Code     0  startup_stm32wba52xx.o(.text)
    SPI1_IRQHandler                          0x08000215   Thumb Code     0  startup_stm32wba52xx.o(.text)
    SPI3_IRQHandler                          0x08000215   Thumb Code     0  startup_stm32wba52xx.o(.text)
    TAMP_IRQHandler                          0x08000215   Thumb Code     0  startup_stm32wba52xx.o(.text)
    TIM16_IRQHandler                         0x08000215   Thumb Code     0  startup_stm32wba52xx.o(.text)
    TIM17_IRQHandler                         0x08000215   Thumb Code     0  startup_stm32wba52xx.o(.text)
    TIM1_BRK_IRQHandler                      0x08000215   Thumb Code     0  startup_stm32wba52xx.o(.text)
    TIM1_CC_IRQHandler                       0x08000215   Thumb Code     0  startup_stm32wba52xx.o(.text)
    TIM1_TRG_COM_IRQHandler                  0x08000215   Thumb Code     0  startup_stm32wba52xx.o(.text)
    TIM1_UP_IRQHandler                       0x08000215   Thumb Code     0  startup_stm32wba52xx.o(.text)
    TIM2_IRQHandler                          0x08000215   Thumb Code     0  startup_stm32wba52xx.o(.text)
    TIM3_IRQHandler                          0x08000215   Thumb Code     0  startup_stm32wba52xx.o(.text)
    TSC_IRQHandler                           0x08000215   Thumb Code     0  startup_stm32wba52xx.o(.text)
    USART1_IRQHandler                        0x08000215   Thumb Code     0  startup_stm32wba52xx.o(.text)
    USART2_IRQHandler                        0x08000215   Thumb Code     0  startup_stm32wba52xx.o(.text)
    WKUP_IRQHandler                          0x08000215   Thumb Code     0  startup_stm32wba52xx.o(.text)
    WWDG_IRQHandler                          0x08000215   Thumb Code     0  startup_stm32wba52xx.o(.text)
    __user_initial_stackheap                 0x08000219   Thumb Code    10  startup_stm32wba52xx.o(.text)
    __use_two_region_memory                  0x0800023d   Thumb Code     2  heapauxi.o(.text)
    __rt_heap_escrow$2region                 0x0800023f   Thumb Code     2  heapauxi.o(.text)
    __rt_heap_expand$2region                 0x08000241   Thumb Code     2  heapauxi.o(.text)
    __user_setup_stackheap                   0x08000243   Thumb Code    74  sys_stackheap_outer.o(.text)
    exit                                     0x0800028d   Thumb Code    18  exit.o(.text)
    __user_libspace                          0x080002a1   Thumb Code     8  libspace.o(.text)
    __user_perproc_libspace                  0x080002a1   Thumb Code     0  libspace.o(.text)
    __user_perthread_libspace                0x080002a1   Thumb Code     0  libspace.o(.text)
    _sys_exit                                0x080002a9   Thumb Code     8  sys_exit.o(.text)
    __I$use$semihosting                      0x080002b5   Thumb Code     0  use_no_semi.o(.text)
    __use_no_semihosting_swi                 0x080002b5   Thumb Code     2  use_no_semi.o(.text)
    __semihosting_library_function           0x080002b7   Thumb Code     0  indicate_semi.o(.text)
    BusFault_Handler                         0x080002b9   Thumb Code     2  stm32wbaxx_it.o(.text.BusFault_Handler)
    DebugMon_Handler                         0x080002bd   Thumb Code     2  stm32wbaxx_it.o(.text.DebugMon_Handler)
    GPDMA1_Channel0_IRQHandler               0x080002c1   Thumb Code    36  stm32wbaxx_it.o(.text.GPDMA1_Channel0_IRQHandler)
    HardFault_Handler                        0x080002e5   Thumb Code     2  stm32wbaxx_it.o(.text.HardFault_Handler)
    LL_DMA_Init                              0x080002e9   Thumb Code   304  stm32wbaxx_ll_dma.o(.text.LL_DMA_Init)
    LL_GPIO_Init                             0x08000419   Thumb Code   230  stm32wbaxx_ll_gpio.o(.text.LL_GPIO_Init)
    LL_Init1msTick                           0x08000501   Thumb Code    40  stm32wbaxx_ll_utils.o(.text.LL_Init1msTick)
    LL_SetSystemCoreClock                    0x08000529   Thumb Code    12  stm32wbaxx_ll_utils.o(.text.LL_SetSystemCoreClock)
    LL_mDelay                                0x08000535   Thumb Code    70  stm32wbaxx_ll_utils.o(.text.LL_mDelay)
    MemManage_Handler                        0x0800057d   Thumb Code     2  stm32wbaxx_it.o(.text.MemManage_Handler)
    NMI_Handler                              0x08000581   Thumb Code     2  stm32wbaxx_it.o(.text.NMI_Handler)
    PendSV_Handler                           0x08000585   Thumb Code     2  stm32wbaxx_it.o(.text.PendSV_Handler)
    SVC_Handler                              0x08000589   Thumb Code     2  stm32wbaxx_it.o(.text.SVC_Handler)
    SysTick_Handler                          0x0800058d   Thumb Code     2  stm32wbaxx_it.o(.text.SysTick_Handler)
    SystemClock_Config                       0x08000591   Thumb Code   406  main.o(.text.SystemClock_Config)
    SystemInit                               0x08000729   Thumb Code   248  system_stm32wbaxx.o(.text.SystemInit)
    TransferComplete                         0x08000821   Thumb Code   408  main.o(.text.TransferComplete)
    TransferError                            0x080009b9   Thumb Code    44  main.o(.text.TransferError)
    UsageFault_Handler                       0x080009e5   Thumb Code     2  stm32wbaxx_it.o(.text.UsageFault_Handler)
    main                                     0x080009e9   Thumb Code   374  main.o(.text.main)
    _fp_init                                 0x08000b5f   Thumb Code    26  fpinit.o(x$fpl$fpinit)
    __fplib_config_fpu_vfp                   0x08000b77   Thumb Code     0  fpinit.o(x$fpl$fpinit)
    __fplib_config_pureend_doubles           0x08000b77   Thumb Code     0  fpinit.o(x$fpl$fpinit)
    Region$$Table$$Base                      0x08000c18   Number         0  anon$$obj.o(Region$$Table)
    Region$$Table$$Limit                     0x08000c38   Number         0  anon$$obj.o(Region$$Table)
    SystemCoreClock                          0x20000000   Data           4  system_stm32wbaxx.o(.data.SystemCoreClock)
    __libspace_start                         0x20000008   Data          96  libspace.o(.bss)
    __temporary_stack_top$libspace           0x20000068   Data           0  libspace.o(.bss)



==============================================================================

Memory Map of the image

  Image Entry point : 0x08000159

  Load Region LR_IROM1 (Base: 0x08000000, Size: 0x00000c40, Max: 0x00100000, ABSOLUTE)

    Execution Region ER_IROM1 (Exec base: 0x08000000, Load base: 0x08000000, Size: 0x00000c38, Max: 0x00100000, ABSOLUTE)

    Exec Addr    Load Addr    Size         Type   Attr      Idx    E Section Name        Object

    0x08000000   0x08000000   0x00000158   Data   RO            3    RESET               startup_stm32wba52xx.o
    0x08000158   0x08000158   0x00000008   Code   RO          182  * !!!main             c_w.l(__main.o)
    0x08000160   0x08000160   0x00000034   Code   RO          345    !!!scatter          c_w.l(__scatter.o)
    0x08000194   0x08000194   0x0000001a   Code   RO          347    !!handler_copy      c_w.l(__scatter_copy.o)
    0x080001ae   0x080001ae   0x00000002   PAD
    0x080001b0   0x080001b0   0x0000001c   Code   RO          349    !!handler_zi        c_w.l(__scatter_zi.o)
    0x080001cc   0x080001cc   0x00000002   Code   RO          209    .ARM.Collect$$libinit$$00000000  c_w.l(libinit.o)
    0x080001ce   0x080001ce   0x00000004   Code   RO          215    .ARM.Collect$$libinit$$00000001  c_w.l(libinit2.o)
    0x080001d2   0x080001d2   0x00000000   Code   RO          218    .ARM.Collect$$libinit$$00000004  c_w.l(libinit2.o)
    0x080001d2   0x080001d2   0x00000000   Code   RO          221    .ARM.Collect$$libinit$$0000000A  c_w.l(libinit2.o)
    0x080001d2   0x080001d2   0x00000000   Code   RO          223    .ARM.Collect$$libinit$$0000000C  c_w.l(libinit2.o)
    0x080001d2   0x080001d2   0x00000000   Code   RO          225    .ARM.Collect$$libinit$$0000000E  c_w.l(libinit2.o)
    0x080001d2   0x080001d2   0x00000000   Code   RO          228    .ARM.Collect$$libinit$$00000011  c_w.l(libinit2.o)
    0x080001d2   0x080001d2   0x00000000   Code   RO          230    .ARM.Collect$$libinit$$00000013  c_w.l(libinit2.o)
    0x080001d2   0x080001d2   0x00000000   Code   RO          232    .ARM.Collect$$libinit$$00000015  c_w.l(libinit2.o)
    0x080001d2   0x080001d2   0x00000000   Code   RO          234    .ARM.Collect$$libinit$$00000017  c_w.l(libinit2.o)
    0x080001d2   0x080001d2   0x00000000   Code   RO          236    .ARM.Collect$$libinit$$00000019  c_w.l(libinit2.o)
    0x080001d2   0x080001d2   0x00000000   Code   RO          238    .ARM.Collect$$libinit$$0000001B  c_w.l(libinit2.o)
    0x080001d2   0x080001d2   0x00000000   Code   RO          240    .ARM.Collect$$libinit$$0000001D  c_w.l(libinit2.o)
    0x080001d2   0x080001d2   0x00000000   Code   RO          242    .ARM.Collect$$libinit$$0000001F  c_w.l(libinit2.o)
    0x080001d2   0x080001d2   0x00000000   Code   RO          244    .ARM.Collect$$libinit$$00000021  c_w.l(libinit2.o)
    0x080001d2   0x080001d2   0x00000000   Code   RO          246    .ARM.Collect$$libinit$$00000023  c_w.l(libinit2.o)
    0x080001d2   0x080001d2   0x00000000   Code   RO          248    .ARM.Collect$$libinit$$00000025  c_w.l(libinit2.o)
    0x080001d2   0x080001d2   0x00000000   Code   RO          252    .ARM.Collect$$libinit$$0000002C  c_w.l(libinit2.o)
    0x080001d2   0x080001d2   0x00000000   Code   RO          254    .ARM.Collect$$libinit$$0000002E  c_w.l(libinit2.o)
    0x080001d2   0x080001d2   0x00000000   Code   RO          256    .ARM.Collect$$libinit$$00000030  c_w.l(libinit2.o)
    0x080001d2   0x080001d2   0x00000000   Code   RO          258    .ARM.Collect$$libinit$$00000032  c_w.l(libinit2.o)
    0x080001d2   0x080001d2   0x00000002   Code   RO          259    .ARM.Collect$$libinit$$00000033  c_w.l(libinit2.o)
    0x080001d4   0x080001d4   0x00000002   Code   RO          281    .ARM.Collect$$libshutdown$$00000000  c_w.l(libshutdown.o)
    0x080001d6   0x080001d6   0x00000000   Code   RO          296    .ARM.Collect$$libshutdown$$00000002  c_w.l(libshutdown2.o)
    0x080001d6   0x080001d6   0x00000000   Code   RO          298    .ARM.Collect$$libshutdown$$00000004  c_w.l(libshutdown2.o)
    0x080001d6   0x080001d6   0x00000000   Code   RO          301    .ARM.Collect$$libshutdown$$00000007  c_w.l(libshutdown2.o)
    0x080001d6   0x080001d6   0x00000000   Code   RO          304    .ARM.Collect$$libshutdown$$0000000A  c_w.l(libshutdown2.o)
    0x080001d6   0x080001d6   0x00000000   Code   RO          306    .ARM.Collect$$libshutdown$$0000000C  c_w.l(libshutdown2.o)
    0x080001d6   0x080001d6   0x00000000   Code   RO          309    .ARM.Collect$$libshutdown$$0000000F  c_w.l(libshutdown2.o)
    0x080001d6   0x080001d6   0x00000002   Code   RO          310    .ARM.Collect$$libshutdown$$00000010  c_w.l(libshutdown2.o)
    0x080001d8   0x080001d8   0x00000000   Code   RO          184    .ARM.Collect$$rtentry$$00000000  c_w.l(__rtentry.o)
    0x080001d8   0x080001d8   0x00000000   Code   RO          186    .ARM.Collect$$rtentry$$00000002  c_w.l(__rtentry2.o)
    0x080001d8   0x080001d8   0x00000006   Code   RO          198    .ARM.Collect$$rtentry$$00000004  c_w.l(__rtentry4.o)
    0x080001de   0x080001de   0x00000000   Code   RO          188    .ARM.Collect$$rtentry$$00000009  c_w.l(__rtentry2.o)
    0x080001de   0x080001de   0x00000004   Code   RO          189    .ARM.Collect$$rtentry$$0000000A  c_w.l(__rtentry2.o)
    0x080001e2   0x080001e2   0x00000000   Code   RO          191    .ARM.Collect$$rtentry$$0000000C  c_w.l(__rtentry2.o)
    0x080001e2   0x080001e2   0x00000008   Code   RO          192    .ARM.Collect$$rtentry$$0000000D  c_w.l(__rtentry2.o)
    0x080001ea   0x080001ea   0x00000002   Code   RO          213    .ARM.Collect$$rtexit$$00000000  c_w.l(rtexit.o)
    0x080001ec   0x080001ec   0x00000000   Code   RO          261    .ARM.Collect$$rtexit$$00000002  c_w.l(rtexit2.o)
    0x080001ec   0x080001ec   0x00000004   Code   RO          262    .ARM.Collect$$rtexit$$00000003  c_w.l(rtexit2.o)
    0x080001f0   0x080001f0   0x00000006   Code   RO          263    .ARM.Collect$$rtexit$$00000004  c_w.l(rtexit2.o)
    0x080001f6   0x080001f6   0x00000002   PAD
    0x080001f8   0x080001f8   0x00000044   Code   RO            4    .text               startup_stm32wba52xx.o
    0x0800023c   0x0800023c   0x00000006   Code   RO          180    .text               c_w.l(heapauxi.o)
    0x08000242   0x08000242   0x0000004a   Code   RO          200    .text               c_w.l(sys_stackheap_outer.o)
    0x0800028c   0x0800028c   0x00000012   Code   RO          202    .text               c_w.l(exit.o)
    0x0800029e   0x0800029e   0x00000002   PAD
    0x080002a0   0x080002a0   0x00000008   Code   RO          210    .text               c_w.l(libspace.o)
    0x080002a8   0x080002a8   0x0000000c   Code   RO          271    .text               c_w.l(sys_exit.o)
    0x080002b4   0x080002b4   0x00000002   Code   RO          286    .text               c_w.l(use_no_semi.o)
    0x080002b6   0x080002b6   0x00000000   Code   RO          288    .text               c_w.l(indicate_semi.o)
    0x080002b6   0x080002b6   0x00000002   PAD
    0x080002b8   0x080002b8   0x00000002   Code   RO           44    .text.BusFault_Handler  stm32wbaxx_it.o
    0x080002ba   0x080002ba   0x00000002   PAD
    0x080002bc   0x080002bc   0x00000002   Code   RO           50    .text.DebugMon_Handler  stm32wbaxx_it.o
    0x080002be   0x080002be   0x00000002   PAD
    0x080002c0   0x080002c0   0x00000024   Code   RO           56    .text.GPDMA1_Channel0_IRQHandler  stm32wbaxx_it.o
    0x080002e4   0x080002e4   0x00000002   Code   RO           40    .text.HardFault_Handler  stm32wbaxx_it.o
    0x080002e6   0x080002e6   0x00000002   PAD
    0x080002e8   0x080002e8   0x00000130   Code   RO          117    .text.LL_DMA_Init   stm32wbaxx_ll_dma.o
    0x08000418   0x08000418   0x000000e6   Code   RO          103    .text.LL_GPIO_Init  stm32wbaxx_ll_gpio.o
    0x080004fe   0x080004fe   0x00000002   PAD
    0x08000500   0x08000500   0x00000028   Code   RO           65    .text.LL_Init1msTick  stm32wbaxx_ll_utils.o
    0x08000528   0x08000528   0x0000000c   Code   RO           69    .text.LL_SetSystemCoreClock  stm32wbaxx_ll_utils.o
    0x08000534   0x08000534   0x00000046   Code   RO           67    .text.LL_mDelay     stm32wbaxx_ll_utils.o
    0x0800057a   0x0800057a   0x00000002   PAD
    0x0800057c   0x0800057c   0x00000002   Code   RO           42    .text.MemManage_Handler  stm32wbaxx_it.o
    0x0800057e   0x0800057e   0x00000002   PAD
    0x08000580   0x08000580   0x00000002   Code   RO           38    .text.NMI_Handler   stm32wbaxx_it.o
    0x08000582   0x08000582   0x00000002   PAD
    0x08000584   0x08000584   0x00000002   Code   RO           52    .text.PendSV_Handler  stm32wbaxx_it.o
    0x08000586   0x08000586   0x00000002   PAD
    0x08000588   0x08000588   0x00000002   Code   RO           48    .text.SVC_Handler   stm32wbaxx_it.o
    0x0800058a   0x0800058a   0x00000002   PAD
    0x0800058c   0x0800058c   0x00000002   Code   RO           54    .text.SysTick_Handler  stm32wbaxx_it.o
    0x0800058e   0x0800058e   0x00000002   PAD
    0x08000590   0x08000590   0x00000196   Code   RO           13    .text.SystemClock_Config  main.o
    0x08000726   0x08000726   0x00000002   PAD
    0x08000728   0x08000728   0x000000f8   Code   RO          161    .text.SystemInit    system_stm32wbaxx.o
    0x08000820   0x08000820   0x00000198   Code   RO           21    .text.TransferComplete  main.o
    0x080009b8   0x080009b8   0x0000002c   Code   RO           23    .text.TransferError  main.o
    0x080009e4   0x080009e4   0x00000002   Code   RO           46    .text.UsageFault_Handler  stm32wbaxx_it.o
    0x080009e6   0x080009e6   0x00000002   PAD
    0x080009e8   0x080009e8   0x00000176   Code   RO           11    .text.main          main.o
    0x08000b5e   0x08000b5e   0x0000001a   Code   RO          269    x$fpl$fpinit        fz_wm.l(fpinit.o)
    0x08000b78   0x08000b78   0x00000080   Data   RO           27    .rodata.aSRC_Const_Buffer  main.o
    0x08000bf8   0x08000bf8   0x00000020   Data   RO          135    .rodata.cst32       stm32wbaxx_ll_dma.o
    0x08000c18   0x08000c18   0x00000020   Data   RO          344    Region$$Table       anon$$obj.o


    Execution Region RW_IRAM1 (Exec base: 0x20000000, Load base: 0x08000c38, Size: 0x000006e8, Max: 0x00020000, ABSOLUTE)

    Exec Addr    Load Addr    Size         Type   Attr      Idx    E Section Name        Object

    0x20000000   0x08000c38   0x00000004   Data   RW          165    .data.SystemCoreClock  system_stm32wbaxx.o
    0x20000004   0x08000c3c   0x00000004   PAD
    0x20000008        -       0x00000060   Zero   RW          211    .bss                c_w.l(libspace.o)
    0x20000068        -       0x00000080   Zero   RW           28    .bss.aDST_Buffer    main.o
    0x200000e8        -       0x00000200   Zero   RW            2    HEAP                startup_stm32wba52xx.o
    0x200002e8        -       0x00000400   Zero   RW            1    STACK               startup_stm32wba52xx.o


==============================================================================

Image component sizes


      Code (inc. data)   RO Data    RW Data    ZI Data      Debug   Object Name

      1232          0        128          0        128      17270   main.o
        68         28        344          0       1536        996   startup_stm32wba52xx.o
        54          0          0          0          0       2680   stm32wbaxx_it.o
       304          0         32          0          0      10882   stm32wbaxx_ll_dma.o
       230          0          0          0          0       4654   stm32wbaxx_ll_gpio.o
       122          0          0          0          0      10542   stm32wbaxx_ll_utils.o
       248          0          0          4          0       4879   system_stm32wbaxx.o

    ----------------------------------------------------------------------
      2282         28        536          4       1668      51903   Object Totals
         0          0         32          0          0          0   (incl. Generated)
        24          0          0          0          4          0   (incl. Padding)

    ----------------------------------------------------------------------

      Code (inc. data)   RO Data    RW Data    ZI Data      Debug   Library Member Name

         8          0          0          0          0         68   __main.o
         0          0          0          0          0          0   __rtentry.o
        12          0          0          0          0          0   __rtentry2.o
         6          0          0          0          0          0   __rtentry4.o
        52          8          0          0          0          0   __scatter.o
        26          0          0          0          0          0   __scatter_copy.o
        28          0          0          0          0          0   __scatter_zi.o
        18          0          0          0          0         80   exit.o
         6          0          0          0          0        152   heapauxi.o
         0          0          0          0          0          0   indicate_semi.o
         2          0          0          0          0          0   libinit.o
         6          0          0          0          0          0   libinit2.o
         2          0          0          0          0          0   libshutdown.o
         2          0          0          0          0          0   libshutdown2.o
         8          4          0          0         96         68   libspace.o
         2          0          0          0          0          0   rtexit.o
        10          0          0          0          0          0   rtexit2.o
        12          4          0          0          0         68   sys_exit.o
        74          0          0          0          0         80   sys_stackheap_outer.o
         2          0          0          0          0         68   use_no_semi.o
        26          0          0          0          0        116   fpinit.o

    ----------------------------------------------------------------------
       310         16          0          0         96        700   Library Totals
         8          0          0          0          0          0   (incl. Padding)

    ----------------------------------------------------------------------

      Code (inc. data)   RO Data    RW Data    ZI Data      Debug   Library Name

       276         16          0          0         96        584   c_w.l
        26          0          0          0          0        116   fz_wm.l

    ----------------------------------------------------------------------
       310         16          0          0         96        700   Library Totals

    ----------------------------------------------------------------------

==============================================================================


      Code (inc. data)   RO Data    RW Data    ZI Data      Debug   

      2592         44        536          4       1764      52347   Grand Totals
      2592         44        536          4       1764      52347   ELF Image Totals
      2592         44        536          4          0          0   ROM Totals

==============================================================================

    Total RO  Size (Code + RO Data)                 3128 (   3.05kB)
    Total RW  Size (RW Data + ZI Data)              1768 (   1.73kB)
    Total ROM Size (Code + RO Data + RW Data)       3132 (   3.06kB)

==============================================================================

