<html>
<body>
<pre>
<h1>µVision Build Log</h1>
<h2>Tool Versions:</h2>
IDE-Version: µVision V5.36.0.0
Copyright (C) 2021 ARM Ltd and ARM Germany GmbH. All rights reserved.
License Information: Mohamed Ali hachich1, ST, LIC=EPPMJ-DF0ER-JTZ7P-KSINB-HDEAD-BXKKJ
 
Tool Versions:
Toolchain:       MDK-ARM Professional  Version: 5.36.0.0
Toolchain Path:  C:\Keil_v5\ARM\ARMCLANG\Bin
C Compiler:      ArmClang.exe V6.16
Assembler:       Armasm.exe V6.16
Linker/Locator:  ArmLink.exe V6.16
Library Manager: ArmAr.exe V6.16
Hex Converter:   FromElf.exe V6.16
CPU DLL:         SARMCM3.DLL V5.36.0.0
Dialog DLL:      DCM.DLL V1.17.3.0
Target DLL:      STLink\ST-LINKIII-KEIL_SWO.dll V3.0.9.0
Dialog DLL:      TCM.DLL V1.53.0.0
 
<h2>Project:</h2>
C:\git\wba-21-12\Firmware\Projects\NUCLEO-WBA52CG\Examples_LL\DMA\DMA_CopyFromFlashToMemory_Init\MDK-ARM\DMA_CopyFromFlashToMemory_Init.uvprojx
Project File Date:  12/30/2022

<h2>Output:</h2>
*** Using Compiler 'V6.16', folder: 'C:\Keil_v5\ARM\ARMCLANG\Bin'
Rebuild target 'DMA_CopyFromFlashToMemory_Init'
assembling startup_stm32wba52xx.s...
compiling stm32wbaxx_ll_exti.c...
compiling stm32wbaxx_it.c...
compiling stm32wbaxx_ll_gpio.c...
compiling stm32wbaxx_ll_utils.c...
compiling stm32wbaxx_ll_dma.c...
compiling main.c...
compiling stm32wbaxx_ll_icache.c...
compiling system_stm32wbaxx.c...
compiling stm32wbaxx_ll_pwr.c...
linking...
Program Size: Code=2592 RO-data=536 RW-data=4 ZI-data=1764  
FromELF: creating hex file...
"DMA_CopyFromFlashToMemory_Init\DMA_CopyFromFlashToMemory_Init.axf" - 0 Error(s), 0 Warning(s).

<h2>Software Packages used:</h2>

Package Vendor: ARM
                http://www.keil.com/pack/ARM.CMSIS.5.8.0.pack
                ARM.CMSIS.5.8.0
                CMSIS (Common Microcontroller Software Interface Standard)
   * Component: CORE Version: 5.5.0

Package Vendor: Keil
                http://www.keil.com/pack/Keil.STM32WBAx_DFP.0.0.1.pack
                Keil.STM32WBAx_DFP.0.0.1
                STMicroelectronics STM32U59x-5Ax Series Device Support

<h2>Collection of Component include folders:</h2>
  .\RTE\_DMA_CopyFromFlashToMemory_Init
  C:\Users\hachich1\AppData\Local\Arm\Packs\ARM\CMSIS\5.8.0\CMSIS\Core\Include
  C:\Users\hachich1\AppData\Local\Arm\Packs\Keil\STM32WBAx_DFP\0.0.1\Drivers\CMSIS\Device\ST\STM32WBAxx\Include

<h2>Collection of Component Files used:</h2>

   * Component: ARM::CMSIS:CORE:5.5.0
      Include file:  CMSIS\Core\Include\tz_context.h
Build Time Elapsed:  00:00:02
</pre>
</body>
</html>
