<!doctype html public "-//w3c//dtd html 4.0 transitional//en">
<html><head>
<title>Static Call Graph - [DMA_CopyFromFlashToMemory_Init\DMA_CopyFromFlashToMemory_Init.axf]</title></head>
<body><HR>
<H1>Static Call Graph for image DMA_CopyFromFlashToMemory_Init\DMA_CopyFromFlashToMemory_Init.axf</H1><HR>
<BR><P>#&#060CALLGRAPH&#062# ARM Linker, 6160001: Last Updated: Fri Dec 30 07:55:13 2022
<BR><P>
<H3>Maximum Stack Usage =        148 bytes + Unknown(Cycles, Untraceable Function Pointers)</H3><H3>
Call chain for Maximum Stack Depth:</H3>
__rt_entry_main &rArr; main &rArr; LL_GPIO_Init
<P>
<H3>
Mutually Recursive functions
</H3> <LI><a href="#[6]">SecureFault_Handler</a>&nbsp;&nbsp;&nbsp;&rArr;&nbsp;&nbsp;&nbsp;<a href="#[6]">SecureFault_Handler</a><BR>
 <LI><a href="#[4a]">ADC4_IRQHandler</a>&nbsp;&nbsp;&nbsp;&rArr;&nbsp;&nbsp;&nbsp;<a href="#[4a]">ADC4_IRQHandler</a><BR>
 <LI><a href="#[4]">BusFault_Handler</a>&nbsp;&nbsp;&nbsp;&rArr;&nbsp;&nbsp;&nbsp;<a href="#[4]">BusFault_Handler</a><BR>
 <LI><a href="#[2]">HardFault_Handler</a>&nbsp;&nbsp;&nbsp;&rArr;&nbsp;&nbsp;&nbsp;<a href="#[2]">HardFault_Handler</a><BR>
 <LI><a href="#[3]">MemManage_Handler</a>&nbsp;&nbsp;&nbsp;&rArr;&nbsp;&nbsp;&nbsp;<a href="#[3]">MemManage_Handler</a><BR>
 <LI><a href="#[5]">UsageFault_Handler</a>&nbsp;&nbsp;&nbsp;&rArr;&nbsp;&nbsp;&nbsp;<a href="#[5]">UsageFault_Handler</a><BR>
</UL>
<P>
<H3>
Function Pointers
</H3><UL>
 <LI><a href="#[4a]">ADC4_IRQHandler</a> from startup_stm32wba52xx.o(.text) referenced from startup_stm32wba52xx.o(RESET)
 <LI><a href="#[43]">AES_IRQHandler</a> from startup_stm32wba52xx.o(.text) referenced from startup_stm32wba52xx.o(RESET)
 <LI><a href="#[4]">BusFault_Handler</a> from stm32wbaxx_it.o(.text.BusFault_Handler) referenced from startup_stm32wba52xx.o(RESET)
 <LI><a href="#[8]">DebugMon_Handler</a> from stm32wbaxx_it.o(.text.DebugMon_Handler) referenced from startup_stm32wba52xx.o(RESET)
 <LI><a href="#[16]">EXTI0_IRQHandler</a> from startup_stm32wba52xx.o(.text) referenced from startup_stm32wba52xx.o(RESET)
 <LI><a href="#[20]">EXTI10_IRQHandler</a> from startup_stm32wba52xx.o(.text) referenced from startup_stm32wba52xx.o(RESET)
 <LI><a href="#[21]">EXTI11_IRQHandler</a> from startup_stm32wba52xx.o(.text) referenced from startup_stm32wba52xx.o(RESET)
 <LI><a href="#[22]">EXTI12_IRQHandler</a> from startup_stm32wba52xx.o(.text) referenced from startup_stm32wba52xx.o(RESET)
 <LI><a href="#[23]">EXTI13_IRQHandler</a> from startup_stm32wba52xx.o(.text) referenced from startup_stm32wba52xx.o(RESET)
 <LI><a href="#[24]">EXTI14_IRQHandler</a> from startup_stm32wba52xx.o(.text) referenced from startup_stm32wba52xx.o(RESET)
 <LI><a href="#[25]">EXTI15_IRQHandler</a> from startup_stm32wba52xx.o(.text) referenced from startup_stm32wba52xx.o(RESET)
 <LI><a href="#[17]">EXTI1_IRQHandler</a> from startup_stm32wba52xx.o(.text) referenced from startup_stm32wba52xx.o(RESET)
 <LI><a href="#[18]">EXTI2_IRQHandler</a> from startup_stm32wba52xx.o(.text) referenced from startup_stm32wba52xx.o(RESET)
 <LI><a href="#[19]">EXTI3_IRQHandler</a> from startup_stm32wba52xx.o(.text) referenced from startup_stm32wba52xx.o(RESET)
 <LI><a href="#[1a]">EXTI4_IRQHandler</a> from startup_stm32wba52xx.o(.text) referenced from startup_stm32wba52xx.o(RESET)
 <LI><a href="#[1b]">EXTI5_IRQHandler</a> from startup_stm32wba52xx.o(.text) referenced from startup_stm32wba52xx.o(RESET)
 <LI><a href="#[1c]">EXTI6_IRQHandler</a> from startup_stm32wba52xx.o(.text) referenced from startup_stm32wba52xx.o(RESET)
 <LI><a href="#[1d]">EXTI7_IRQHandler</a> from startup_stm32wba52xx.o(.text) referenced from startup_stm32wba52xx.o(RESET)
 <LI><a href="#[1e]">EXTI8_IRQHandler</a> from startup_stm32wba52xx.o(.text) referenced from startup_stm32wba52xx.o(RESET)
 <LI><a href="#[1f]">EXTI9_IRQHandler</a> from startup_stm32wba52xx.o(.text) referenced from startup_stm32wba52xx.o(RESET)
 <LI><a href="#[11]">FLASH_IRQHandler</a> from startup_stm32wba52xx.o(.text) referenced from startup_stm32wba52xx.o(RESET)
 <LI><a href="#[12]">FLASH_S_IRQHandler</a> from startup_stm32wba52xx.o(.text) referenced from startup_stm32wba52xx.o(RESET)
 <LI><a href="#[45]">FPU_IRQHandler</a> from startup_stm32wba52xx.o(.text) referenced from startup_stm32wba52xx.o(RESET)
 <LI><a href="#[28]">GPDMA1_Channel0_IRQHandler</a> from stm32wbaxx_it.o(.text.GPDMA1_Channel0_IRQHandler) referenced from startup_stm32wba52xx.o(RESET)
 <LI><a href="#[29]">GPDMA1_Channel1_IRQHandler</a> from startup_stm32wba52xx.o(.text) referenced from startup_stm32wba52xx.o(RESET)
 <LI><a href="#[2a]">GPDMA1_Channel2_IRQHandler</a> from startup_stm32wba52xx.o(.text) referenced from startup_stm32wba52xx.o(RESET)
 <LI><a href="#[2b]">GPDMA1_Channel3_IRQHandler</a> from startup_stm32wba52xx.o(.text) referenced from startup_stm32wba52xx.o(RESET)
 <LI><a href="#[2c]">GPDMA1_Channel4_IRQHandler</a> from startup_stm32wba52xx.o(.text) referenced from startup_stm32wba52xx.o(RESET)
 <LI><a href="#[2d]">GPDMA1_Channel5_IRQHandler</a> from startup_stm32wba52xx.o(.text) referenced from startup_stm32wba52xx.o(RESET)
 <LI><a href="#[2e]">GPDMA1_Channel6_IRQHandler</a> from startup_stm32wba52xx.o(.text) referenced from startup_stm32wba52xx.o(RESET)
 <LI><a href="#[2f]">GPDMA1_Channel7_IRQHandler</a> from startup_stm32wba52xx.o(.text) referenced from startup_stm32wba52xx.o(RESET)
 <LI><a href="#[13]">GTZC_IRQHandler</a> from startup_stm32wba52xx.o(.text) referenced from startup_stm32wba52xx.o(RESET)
 <LI><a href="#[46]">HASH_IRQHandler</a> from startup_stm32wba52xx.o(.text) referenced from startup_stm32wba52xx.o(RESET)
 <LI><a href="#[4d]">HSEM_IRQHandler</a> from startup_stm32wba52xx.o(.text) referenced from startup_stm32wba52xx.o(RESET)
 <LI><a href="#[4e]">HSEM_S_IRQHandler</a> from startup_stm32wba52xx.o(.text) referenced from startup_stm32wba52xx.o(RESET)
 <LI><a href="#[2]">HardFault_Handler</a> from stm32wbaxx_it.o(.text.HardFault_Handler) referenced from startup_stm32wba52xx.o(RESET)
 <LI><a href="#[37]">I2C1_ER_IRQHandler</a> from startup_stm32wba52xx.o(.text) referenced from startup_stm32wba52xx.o(RESET)
 <LI><a href="#[36]">I2C1_EV_IRQHandler</a> from startup_stm32wba52xx.o(.text) referenced from startup_stm32wba52xx.o(RESET)
 <LI><a href="#[41]">I2C3_ER_IRQHandler</a> from startup_stm32wba52xx.o(.text) referenced from startup_stm32wba52xx.o(RESET)
 <LI><a href="#[40]">I2C3_EV_IRQHandler</a> from startup_stm32wba52xx.o(.text) referenced from startup_stm32wba52xx.o(RESET)
 <LI><a href="#[49]">ICACHE_IRQHandler</a> from startup_stm32wba52xx.o(.text) referenced from startup_stm32wba52xx.o(RESET)
 <LI><a href="#[26]">IWDG_IRQHandler</a> from startup_stm32wba52xx.o(.text) referenced from startup_stm32wba52xx.o(RESET)
 <LI><a href="#[3c]">LPTIM1_IRQHandler</a> from startup_stm32wba52xx.o(.text) referenced from startup_stm32wba52xx.o(RESET)
 <LI><a href="#[3d]">LPTIM2_IRQHandler</a> from startup_stm32wba52xx.o(.text) referenced from startup_stm32wba52xx.o(RESET)
 <LI><a href="#[3b]">LPUART1_IRQHandler</a> from startup_stm32wba52xx.o(.text) referenced from startup_stm32wba52xx.o(RESET)
 <LI><a href="#[3]">MemManage_Handler</a> from stm32wbaxx_it.o(.text.MemManage_Handler) referenced from startup_stm32wba52xx.o(RESET)
 <LI><a href="#[1]">NMI_Handler</a> from stm32wbaxx_it.o(.text.NMI_Handler) referenced from startup_stm32wba52xx.o(RESET)
 <LI><a href="#[47]">PKA_IRQHandler</a> from startup_stm32wba52xx.o(.text) referenced from startup_stm32wba52xx.o(RESET)
 <LI><a href="#[c]">PVD_IRQHandler</a> from startup_stm32wba52xx.o(.text) referenced from startup_stm32wba52xx.o(RESET)
 <LI><a href="#[9]">PendSV_Handler</a> from stm32wbaxx_it.o(.text.PendSV_Handler) referenced from startup_stm32wba52xx.o(RESET)
 <LI><a href="#[4b]">RADIO_IRQHandler</a> from startup_stm32wba52xx.o(.text) referenced from startup_stm32wba52xx.o(RESET)
 <LI><a href="#[10]">RAMCFG_IRQHandler</a> from startup_stm32wba52xx.o(.text) referenced from startup_stm32wba52xx.o(RESET)
 <LI><a href="#[14]">RCC_IRQHandler</a> from startup_stm32wba52xx.o(.text) referenced from startup_stm32wba52xx.o(RESET)
 <LI><a href="#[15]">RCC_S_IRQHandler</a> from startup_stm32wba52xx.o(.text) referenced from startup_stm32wba52xx.o(RESET)
 <LI><a href="#[44]">RNG_IRQHandler</a> from startup_stm32wba52xx.o(.text) referenced from startup_stm32wba52xx.o(RESET)
 <LI><a href="#[d]">RTC_IRQHandler</a> from startup_stm32wba52xx.o(.text) referenced from startup_stm32wba52xx.o(RESET)
 <LI><a href="#[e]">RTC_S_IRQHandler</a> from startup_stm32wba52xx.o(.text) referenced from startup_stm32wba52xx.o(RESET)
 <LI><a href="#[0]">Reset_Handler</a> from startup_stm32wba52xx.o(.text) referenced from startup_stm32wba52xx.o(RESET)
 <LI><a href="#[27]">SAES_IRQHandler</a> from startup_stm32wba52xx.o(.text) referenced from startup_stm32wba52xx.o(RESET)
 <LI><a href="#[38]">SPI1_IRQHandler</a> from startup_stm32wba52xx.o(.text) referenced from startup_stm32wba52xx.o(RESET)
 <LI><a href="#[48]">SPI3_IRQHandler</a> from startup_stm32wba52xx.o(.text) referenced from startup_stm32wba52xx.o(RESET)
 <LI><a href="#[7]">SVC_Handler</a> from stm32wbaxx_it.o(.text.SVC_Handler) referenced from startup_stm32wba52xx.o(RESET)
 <LI><a href="#[6]">SecureFault_Handler</a> from startup_stm32wba52xx.o(.text) referenced from startup_stm32wba52xx.o(RESET)
 <LI><a href="#[a]">SysTick_Handler</a> from stm32wbaxx_it.o(.text.SysTick_Handler) referenced from startup_stm32wba52xx.o(RESET)
 <LI><a href="#[4f]">SystemInit</a> from system_stm32wbaxx.o(.text.SystemInit) referenced from startup_stm32wba52xx.o(.text)
 <LI><a href="#[f]">TAMP_IRQHandler</a> from startup_stm32wba52xx.o(.text) referenced from startup_stm32wba52xx.o(RESET)
 <LI><a href="#[3e]">TIM16_IRQHandler</a> from startup_stm32wba52xx.o(.text) referenced from startup_stm32wba52xx.o(RESET)
 <LI><a href="#[3f]">TIM17_IRQHandler</a> from startup_stm32wba52xx.o(.text) referenced from startup_stm32wba52xx.o(RESET)
 <LI><a href="#[30]">TIM1_BRK_IRQHandler</a> from startup_stm32wba52xx.o(.text) referenced from startup_stm32wba52xx.o(RESET)
 <LI><a href="#[33]">TIM1_CC_IRQHandler</a> from startup_stm32wba52xx.o(.text) referenced from startup_stm32wba52xx.o(RESET)
 <LI><a href="#[32]">TIM1_TRG_COM_IRQHandler</a> from startup_stm32wba52xx.o(.text) referenced from startup_stm32wba52xx.o(RESET)
 <LI><a href="#[31]">TIM1_UP_IRQHandler</a> from startup_stm32wba52xx.o(.text) referenced from startup_stm32wba52xx.o(RESET)
 <LI><a href="#[34]">TIM2_IRQHandler</a> from startup_stm32wba52xx.o(.text) referenced from startup_stm32wba52xx.o(RESET)
 <LI><a href="#[35]">TIM3_IRQHandler</a> from startup_stm32wba52xx.o(.text) referenced from startup_stm32wba52xx.o(RESET)
 <LI><a href="#[42]">TSC_IRQHandler</a> from startup_stm32wba52xx.o(.text) referenced from startup_stm32wba52xx.o(RESET)
 <LI><a href="#[39]">USART1_IRQHandler</a> from startup_stm32wba52xx.o(.text) referenced from startup_stm32wba52xx.o(RESET)
 <LI><a href="#[3a]">USART2_IRQHandler</a> from startup_stm32wba52xx.o(.text) referenced from startup_stm32wba52xx.o(RESET)
 <LI><a href="#[5]">UsageFault_Handler</a> from stm32wbaxx_it.o(.text.UsageFault_Handler) referenced from startup_stm32wba52xx.o(RESET)
 <LI><a href="#[4c]">WKUP_IRQHandler</a> from startup_stm32wba52xx.o(.text) referenced from startup_stm32wba52xx.o(RESET)
 <LI><a href="#[b]">WWDG_IRQHandler</a> from startup_stm32wba52xx.o(.text) referenced from startup_stm32wba52xx.o(RESET)
 <LI><a href="#[50]">__main</a> from __main.o(!!!main) referenced from startup_stm32wba52xx.o(.text)
</UL>
<P>
<H3>
Global Symbols
</H3>
<P><STRONG><a name="[50]"></a>__main</STRONG> (Thumb, 8 bytes, Stack size 0 bytes, __main.o(!!!main))
<BR><BR>[Calls]<UL><LI><a href="#[51]">&gt;&gt;</a>&nbsp;&nbsp;&nbsp;__scatterload
<LI><a href="#[52]">&gt;&gt;</a>&nbsp;&nbsp;&nbsp;__rt_entry
</UL>
<BR>[Address Reference Count : 1]<UL><LI> startup_stm32wba52xx.o(.text)
</UL>
<P><STRONG><a name="[51]"></a>__scatterload</STRONG> (Thumb, 0 bytes, Stack size unknown bytes, __scatter.o(!!!scatter))
<BR><BR>[Called By]<UL><LI><a href="#[50]">&gt;&gt;</a>&nbsp;&nbsp;&nbsp;__main
</UL>

<P><STRONG><a name="[53]"></a>__scatterload_rt2</STRONG> (Thumb, 44 bytes, Stack size unknown bytes, __scatter.o(!!!scatter), UNUSED)
<BR><BR>[Calls]<UL><LI><a href="#[52]">&gt;&gt;</a>&nbsp;&nbsp;&nbsp;__rt_entry
</UL>

<P><STRONG><a name="[6d]"></a>__scatterload_rt2_thumb_only</STRONG> (Thumb, 0 bytes, Stack size unknown bytes, __scatter.o(!!!scatter), UNUSED)

<P><STRONG><a name="[6e]"></a>__scatterload_null</STRONG> (Thumb, 0 bytes, Stack size unknown bytes, __scatter.o(!!!scatter), UNUSED)

<P><STRONG><a name="[54]"></a>__scatterload_copy</STRONG> (Thumb, 26 bytes, Stack size unknown bytes, __scatter_copy.o(!!handler_copy), UNUSED)
<BR><BR>[Calls]<UL><LI><a href="#[54]">&gt;&gt;</a>&nbsp;&nbsp;&nbsp;__scatterload_copy
</UL>
<BR>[Called By]<UL><LI><a href="#[54]">&gt;&gt;</a>&nbsp;&nbsp;&nbsp;__scatterload_copy
</UL>

<P><STRONG><a name="[6f]"></a>__scatterload_zeroinit</STRONG> (Thumb, 28 bytes, Stack size unknown bytes, __scatter_zi.o(!!handler_zi), UNUSED)

<P><STRONG><a name="[5a]"></a>__rt_lib_init</STRONG> (Thumb, 0 bytes, Stack size unknown bytes, libinit.o(.ARM.Collect$$libinit$$00000000))
<BR><BR>[Called By]<UL><LI><a href="#[59]">&gt;&gt;</a>&nbsp;&nbsp;&nbsp;__rt_entry_li
</UL>

<P><STRONG><a name="[55]"></a>__rt_lib_init_fp_1</STRONG> (Thumb, 0 bytes, Stack size unknown bytes, libinit2.o(.ARM.Collect$$libinit$$00000001))
<BR><BR>[Calls]<UL><LI><a href="#[56]">&gt;&gt;</a>&nbsp;&nbsp;&nbsp;_fp_init
</UL>

<P><STRONG><a name="[70]"></a>__rt_lib_init_alloca_1</STRONG> (Thumb, 0 bytes, Stack size unknown bytes, libinit2.o(.ARM.Collect$$libinit$$0000002E))

<P><STRONG><a name="[71]"></a>__rt_lib_init_argv_1</STRONG> (Thumb, 0 bytes, Stack size unknown bytes, libinit2.o(.ARM.Collect$$libinit$$0000002C))

<P><STRONG><a name="[72]"></a>__rt_lib_init_atexit_1</STRONG> (Thumb, 0 bytes, Stack size unknown bytes, libinit2.o(.ARM.Collect$$libinit$$0000001B))

<P><STRONG><a name="[73]"></a>__rt_lib_init_clock_1</STRONG> (Thumb, 0 bytes, Stack size unknown bytes, libinit2.o(.ARM.Collect$$libinit$$00000021))

<P><STRONG><a name="[74]"></a>__rt_lib_init_cpp_1</STRONG> (Thumb, 0 bytes, Stack size unknown bytes, libinit2.o(.ARM.Collect$$libinit$$00000032))

<P><STRONG><a name="[75]"></a>__rt_lib_init_exceptions_1</STRONG> (Thumb, 0 bytes, Stack size unknown bytes, libinit2.o(.ARM.Collect$$libinit$$00000030))

<P><STRONG><a name="[76]"></a>__rt_lib_init_fp_trap_1</STRONG> (Thumb, 0 bytes, Stack size unknown bytes, libinit2.o(.ARM.Collect$$libinit$$0000001F))

<P><STRONG><a name="[77]"></a>__rt_lib_init_getenv_1</STRONG> (Thumb, 0 bytes, Stack size unknown bytes, libinit2.o(.ARM.Collect$$libinit$$00000023))

<P><STRONG><a name="[78]"></a>__rt_lib_init_heap_1</STRONG> (Thumb, 0 bytes, Stack size unknown bytes, libinit2.o(.ARM.Collect$$libinit$$0000000A))

<P><STRONG><a name="[79]"></a>__rt_lib_init_lc_collate_1</STRONG> (Thumb, 0 bytes, Stack size unknown bytes, libinit2.o(.ARM.Collect$$libinit$$00000011))

<P><STRONG><a name="[7a]"></a>__rt_lib_init_lc_ctype_1</STRONG> (Thumb, 0 bytes, Stack size unknown bytes, libinit2.o(.ARM.Collect$$libinit$$00000013))

<P><STRONG><a name="[7b]"></a>__rt_lib_init_lc_monetary_1</STRONG> (Thumb, 0 bytes, Stack size unknown bytes, libinit2.o(.ARM.Collect$$libinit$$00000015))

<P><STRONG><a name="[7c]"></a>__rt_lib_init_lc_numeric_1</STRONG> (Thumb, 0 bytes, Stack size unknown bytes, libinit2.o(.ARM.Collect$$libinit$$00000017))

<P><STRONG><a name="[7d]"></a>__rt_lib_init_lc_time_1</STRONG> (Thumb, 0 bytes, Stack size unknown bytes, libinit2.o(.ARM.Collect$$libinit$$00000019))

<P><STRONG><a name="[7e]"></a>__rt_lib_init_preinit_1</STRONG> (Thumb, 0 bytes, Stack size unknown bytes, libinit2.o(.ARM.Collect$$libinit$$00000004))

<P><STRONG><a name="[7f]"></a>__rt_lib_init_rand_1</STRONG> (Thumb, 0 bytes, Stack size unknown bytes, libinit2.o(.ARM.Collect$$libinit$$0000000E))

<P><STRONG><a name="[80]"></a>__rt_lib_init_return</STRONG> (Thumb, 0 bytes, Stack size unknown bytes, libinit2.o(.ARM.Collect$$libinit$$00000033))

<P><STRONG><a name="[81]"></a>__rt_lib_init_signal_1</STRONG> (Thumb, 0 bytes, Stack size unknown bytes, libinit2.o(.ARM.Collect$$libinit$$0000001D))

<P><STRONG><a name="[82]"></a>__rt_lib_init_stdio_1</STRONG> (Thumb, 0 bytes, Stack size unknown bytes, libinit2.o(.ARM.Collect$$libinit$$00000025))

<P><STRONG><a name="[83]"></a>__rt_lib_init_user_alloc_1</STRONG> (Thumb, 0 bytes, Stack size unknown bytes, libinit2.o(.ARM.Collect$$libinit$$0000000C))

<P><STRONG><a name="[5f]"></a>__rt_lib_shutdown</STRONG> (Thumb, 0 bytes, Stack size unknown bytes, libshutdown.o(.ARM.Collect$$libshutdown$$00000000))
<BR><BR>[Called By]<UL><LI><a href="#[5e]">&gt;&gt;</a>&nbsp;&nbsp;&nbsp;__rt_exit_ls
</UL>

<P><STRONG><a name="[84]"></a>__rt_lib_shutdown_cpp_1</STRONG> (Thumb, 0 bytes, Stack size unknown bytes, libshutdown2.o(.ARM.Collect$$libshutdown$$00000002))

<P><STRONG><a name="[85]"></a>__rt_lib_shutdown_fp_trap_1</STRONG> (Thumb, 0 bytes, Stack size unknown bytes, libshutdown2.o(.ARM.Collect$$libshutdown$$00000007))

<P><STRONG><a name="[86]"></a>__rt_lib_shutdown_heap_1</STRONG> (Thumb, 0 bytes, Stack size unknown bytes, libshutdown2.o(.ARM.Collect$$libshutdown$$0000000F))

<P><STRONG><a name="[87]"></a>__rt_lib_shutdown_return</STRONG> (Thumb, 0 bytes, Stack size unknown bytes, libshutdown2.o(.ARM.Collect$$libshutdown$$00000010))

<P><STRONG><a name="[88]"></a>__rt_lib_shutdown_signal_1</STRONG> (Thumb, 0 bytes, Stack size unknown bytes, libshutdown2.o(.ARM.Collect$$libshutdown$$0000000A))

<P><STRONG><a name="[89]"></a>__rt_lib_shutdown_stdio_1</STRONG> (Thumb, 0 bytes, Stack size unknown bytes, libshutdown2.o(.ARM.Collect$$libshutdown$$00000004))

<P><STRONG><a name="[8a]"></a>__rt_lib_shutdown_user_alloc_1</STRONG> (Thumb, 0 bytes, Stack size unknown bytes, libshutdown2.o(.ARM.Collect$$libshutdown$$0000000C))

<P><STRONG><a name="[52]"></a>__rt_entry</STRONG> (Thumb, 0 bytes, Stack size unknown bytes, __rtentry.o(.ARM.Collect$$rtentry$$00000000))
<BR><BR>[Called By]<UL><LI><a href="#[53]">&gt;&gt;</a>&nbsp;&nbsp;&nbsp;__scatterload_rt2
<LI><a href="#[50]">&gt;&gt;</a>&nbsp;&nbsp;&nbsp;__main
</UL>

<P><STRONG><a name="[8b]"></a>__rt_entry_presh_1</STRONG> (Thumb, 0 bytes, Stack size unknown bytes, __rtentry2.o(.ARM.Collect$$rtentry$$00000002))

<P><STRONG><a name="[57]"></a>__rt_entry_sh</STRONG> (Thumb, 0 bytes, Stack size unknown bytes, __rtentry4.o(.ARM.Collect$$rtentry$$00000004))
<BR><BR>[Stack]<UL><LI>Max Depth = 8 + Unknown Stack Size
<LI>Call Chain = __rt_entry_sh &rArr; __user_setup_stackheap
</UL>
<BR>[Calls]<UL><LI><a href="#[58]">&gt;&gt;</a>&nbsp;&nbsp;&nbsp;__user_setup_stackheap
</UL>

<P><STRONG><a name="[59]"></a>__rt_entry_li</STRONG> (Thumb, 0 bytes, Stack size unknown bytes, __rtentry2.o(.ARM.Collect$$rtentry$$0000000A))
<BR><BR>[Calls]<UL><LI><a href="#[5a]">&gt;&gt;</a>&nbsp;&nbsp;&nbsp;__rt_lib_init
</UL>

<P><STRONG><a name="[8c]"></a>__rt_entry_postsh_1</STRONG> (Thumb, 0 bytes, Stack size unknown bytes, __rtentry2.o(.ARM.Collect$$rtentry$$00000009))

<P><STRONG><a name="[5b]"></a>__rt_entry_main</STRONG> (Thumb, 0 bytes, Stack size unknown bytes, __rtentry2.o(.ARM.Collect$$rtentry$$0000000D))
<BR><BR>[Stack]<UL><LI>Max Depth = 148 + Unknown Stack Size
<LI>Call Chain = __rt_entry_main &rArr; main &rArr; LL_GPIO_Init
</UL>
<BR>[Calls]<UL><LI><a href="#[5d]">&gt;&gt;</a>&nbsp;&nbsp;&nbsp;exit
<LI><a href="#[5c]">&gt;&gt;</a>&nbsp;&nbsp;&nbsp;main
</UL>

<P><STRONG><a name="[8d]"></a>__rt_entry_postli_1</STRONG> (Thumb, 0 bytes, Stack size unknown bytes, __rtentry2.o(.ARM.Collect$$rtentry$$0000000C))

<P><STRONG><a name="[64]"></a>__rt_exit</STRONG> (Thumb, 0 bytes, Stack size unknown bytes, rtexit.o(.ARM.Collect$$rtexit$$00000000))
<BR><BR>[Called By]<UL><LI><a href="#[5d]">&gt;&gt;</a>&nbsp;&nbsp;&nbsp;exit
</UL>

<P><STRONG><a name="[5e]"></a>__rt_exit_ls</STRONG> (Thumb, 0 bytes, Stack size unknown bytes, rtexit2.o(.ARM.Collect$$rtexit$$00000003))
<BR><BR>[Calls]<UL><LI><a href="#[5f]">&gt;&gt;</a>&nbsp;&nbsp;&nbsp;__rt_lib_shutdown
</UL>

<P><STRONG><a name="[8e]"></a>__rt_exit_prels_1</STRONG> (Thumb, 0 bytes, Stack size unknown bytes, rtexit2.o(.ARM.Collect$$rtexit$$00000002))

<P><STRONG><a name="[60]"></a>__rt_exit_exit</STRONG> (Thumb, 0 bytes, Stack size unknown bytes, rtexit2.o(.ARM.Collect$$rtexit$$00000004))
<BR><BR>[Calls]<UL><LI><a href="#[61]">&gt;&gt;</a>&nbsp;&nbsp;&nbsp;_sys_exit
</UL>

<P><STRONG><a name="[0]"></a>Reset_Handler</STRONG> (Thumb, 8 bytes, Stack size 0 bytes, startup_stm32wba52xx.o(.text))
<BR>[Address Reference Count : 1]<UL><LI> startup_stm32wba52xx.o(RESET)
</UL>
<P><STRONG><a name="[6]"></a>SecureFault_Handler</STRONG> (Thumb, 2 bytes, Stack size 0 bytes, startup_stm32wba52xx.o(.text))
<BR><BR>[Calls]<UL><LI><a href="#[6]">&gt;&gt;</a>&nbsp;&nbsp;&nbsp;SecureFault_Handler
</UL>
<BR>[Called By]<UL><LI><a href="#[6]">&gt;&gt;</a>&nbsp;&nbsp;&nbsp;SecureFault_Handler
</UL>
<BR>[Address Reference Count : 1]<UL><LI> startup_stm32wba52xx.o(RESET)
</UL>
<P><STRONG><a name="[4a]"></a>ADC4_IRQHandler</STRONG> (Thumb, 0 bytes, Stack size 0 bytes, startup_stm32wba52xx.o(.text))
<BR><BR>[Calls]<UL><LI><a href="#[4a]">&gt;&gt;</a>&nbsp;&nbsp;&nbsp;ADC4_IRQHandler
</UL>
<BR>[Called By]<UL><LI><a href="#[4a]">&gt;&gt;</a>&nbsp;&nbsp;&nbsp;ADC4_IRQHandler
</UL>
<BR>[Address Reference Count : 1]<UL><LI> startup_stm32wba52xx.o(RESET)
</UL>
<P><STRONG><a name="[43]"></a>AES_IRQHandler</STRONG> (Thumb, 0 bytes, Stack size 0 bytes, startup_stm32wba52xx.o(.text))
<BR>[Address Reference Count : 1]<UL><LI> startup_stm32wba52xx.o(RESET)
</UL>
<P><STRONG><a name="[16]"></a>EXTI0_IRQHandler</STRONG> (Thumb, 0 bytes, Stack size 0 bytes, startup_stm32wba52xx.o(.text))
<BR>[Address Reference Count : 1]<UL><LI> startup_stm32wba52xx.o(RESET)
</UL>
<P><STRONG><a name="[20]"></a>EXTI10_IRQHandler</STRONG> (Thumb, 0 bytes, Stack size 0 bytes, startup_stm32wba52xx.o(.text))
<BR>[Address Reference Count : 1]<UL><LI> startup_stm32wba52xx.o(RESET)
</UL>
<P><STRONG><a name="[21]"></a>EXTI11_IRQHandler</STRONG> (Thumb, 0 bytes, Stack size 0 bytes, startup_stm32wba52xx.o(.text))
<BR>[Address Reference Count : 1]<UL><LI> startup_stm32wba52xx.o(RESET)
</UL>
<P><STRONG><a name="[22]"></a>EXTI12_IRQHandler</STRONG> (Thumb, 0 bytes, Stack size 0 bytes, startup_stm32wba52xx.o(.text))
<BR>[Address Reference Count : 1]<UL><LI> startup_stm32wba52xx.o(RESET)
</UL>
<P><STRONG><a name="[23]"></a>EXTI13_IRQHandler</STRONG> (Thumb, 0 bytes, Stack size 0 bytes, startup_stm32wba52xx.o(.text))
<BR>[Address Reference Count : 1]<UL><LI> startup_stm32wba52xx.o(RESET)
</UL>
<P><STRONG><a name="[24]"></a>EXTI14_IRQHandler</STRONG> (Thumb, 0 bytes, Stack size 0 bytes, startup_stm32wba52xx.o(.text))
<BR>[Address Reference Count : 1]<UL><LI> startup_stm32wba52xx.o(RESET)
</UL>
<P><STRONG><a name="[25]"></a>EXTI15_IRQHandler</STRONG> (Thumb, 0 bytes, Stack size 0 bytes, startup_stm32wba52xx.o(.text))
<BR>[Address Reference Count : 1]<UL><LI> startup_stm32wba52xx.o(RESET)
</UL>
<P><STRONG><a name="[17]"></a>EXTI1_IRQHandler</STRONG> (Thumb, 0 bytes, Stack size 0 bytes, startup_stm32wba52xx.o(.text))
<BR>[Address Reference Count : 1]<UL><LI> startup_stm32wba52xx.o(RESET)
</UL>
<P><STRONG><a name="[18]"></a>EXTI2_IRQHandler</STRONG> (Thumb, 0 bytes, Stack size 0 bytes, startup_stm32wba52xx.o(.text))
<BR>[Address Reference Count : 1]<UL><LI> startup_stm32wba52xx.o(RESET)
</UL>
<P><STRONG><a name="[19]"></a>EXTI3_IRQHandler</STRONG> (Thumb, 0 bytes, Stack size 0 bytes, startup_stm32wba52xx.o(.text))
<BR>[Address Reference Count : 1]<UL><LI> startup_stm32wba52xx.o(RESET)
</UL>
<P><STRONG><a name="[1a]"></a>EXTI4_IRQHandler</STRONG> (Thumb, 0 bytes, Stack size 0 bytes, startup_stm32wba52xx.o(.text))
<BR>[Address Reference Count : 1]<UL><LI> startup_stm32wba52xx.o(RESET)
</UL>
<P><STRONG><a name="[1b]"></a>EXTI5_IRQHandler</STRONG> (Thumb, 0 bytes, Stack size 0 bytes, startup_stm32wba52xx.o(.text))
<BR>[Address Reference Count : 1]<UL><LI> startup_stm32wba52xx.o(RESET)
</UL>
<P><STRONG><a name="[1c]"></a>EXTI6_IRQHandler</STRONG> (Thumb, 0 bytes, Stack size 0 bytes, startup_stm32wba52xx.o(.text))
<BR>[Address Reference Count : 1]<UL><LI> startup_stm32wba52xx.o(RESET)
</UL>
<P><STRONG><a name="[1d]"></a>EXTI7_IRQHandler</STRONG> (Thumb, 0 bytes, Stack size 0 bytes, startup_stm32wba52xx.o(.text))
<BR>[Address Reference Count : 1]<UL><LI> startup_stm32wba52xx.o(RESET)
</UL>
<P><STRONG><a name="[1e]"></a>EXTI8_IRQHandler</STRONG> (Thumb, 0 bytes, Stack size 0 bytes, startup_stm32wba52xx.o(.text))
<BR>[Address Reference Count : 1]<UL><LI> startup_stm32wba52xx.o(RESET)
</UL>
<P><STRONG><a name="[1f]"></a>EXTI9_IRQHandler</STRONG> (Thumb, 0 bytes, Stack size 0 bytes, startup_stm32wba52xx.o(.text))
<BR>[Address Reference Count : 1]<UL><LI> startup_stm32wba52xx.o(RESET)
</UL>
<P><STRONG><a name="[11]"></a>FLASH_IRQHandler</STRONG> (Thumb, 0 bytes, Stack size 0 bytes, startup_stm32wba52xx.o(.text))
<BR>[Address Reference Count : 1]<UL><LI> startup_stm32wba52xx.o(RESET)
</UL>
<P><STRONG><a name="[12]"></a>FLASH_S_IRQHandler</STRONG> (Thumb, 0 bytes, Stack size 0 bytes, startup_stm32wba52xx.o(.text))
<BR>[Address Reference Count : 1]<UL><LI> startup_stm32wba52xx.o(RESET)
</UL>
<P><STRONG><a name="[45]"></a>FPU_IRQHandler</STRONG> (Thumb, 0 bytes, Stack size 0 bytes, startup_stm32wba52xx.o(.text))
<BR>[Address Reference Count : 1]<UL><LI> startup_stm32wba52xx.o(RESET)
</UL>
<P><STRONG><a name="[29]"></a>GPDMA1_Channel1_IRQHandler</STRONG> (Thumb, 0 bytes, Stack size 0 bytes, startup_stm32wba52xx.o(.text))
<BR>[Address Reference Count : 1]<UL><LI> startup_stm32wba52xx.o(RESET)
</UL>
<P><STRONG><a name="[2a]"></a>GPDMA1_Channel2_IRQHandler</STRONG> (Thumb, 0 bytes, Stack size 0 bytes, startup_stm32wba52xx.o(.text))
<BR>[Address Reference Count : 1]<UL><LI> startup_stm32wba52xx.o(RESET)
</UL>
<P><STRONG><a name="[2b]"></a>GPDMA1_Channel3_IRQHandler</STRONG> (Thumb, 0 bytes, Stack size 0 bytes, startup_stm32wba52xx.o(.text))
<BR>[Address Reference Count : 1]<UL><LI> startup_stm32wba52xx.o(RESET)
</UL>
<P><STRONG><a name="[2c]"></a>GPDMA1_Channel4_IRQHandler</STRONG> (Thumb, 0 bytes, Stack size 0 bytes, startup_stm32wba52xx.o(.text))
<BR>[Address Reference Count : 1]<UL><LI> startup_stm32wba52xx.o(RESET)
</UL>
<P><STRONG><a name="[2d]"></a>GPDMA1_Channel5_IRQHandler</STRONG> (Thumb, 0 bytes, Stack size 0 bytes, startup_stm32wba52xx.o(.text))
<BR>[Address Reference Count : 1]<UL><LI> startup_stm32wba52xx.o(RESET)
</UL>
<P><STRONG><a name="[2e]"></a>GPDMA1_Channel6_IRQHandler</STRONG> (Thumb, 0 bytes, Stack size 0 bytes, startup_stm32wba52xx.o(.text))
<BR>[Address Reference Count : 1]<UL><LI> startup_stm32wba52xx.o(RESET)
</UL>
<P><STRONG><a name="[2f]"></a>GPDMA1_Channel7_IRQHandler</STRONG> (Thumb, 0 bytes, Stack size 0 bytes, startup_stm32wba52xx.o(.text))
<BR>[Address Reference Count : 1]<UL><LI> startup_stm32wba52xx.o(RESET)
</UL>
<P><STRONG><a name="[13]"></a>GTZC_IRQHandler</STRONG> (Thumb, 0 bytes, Stack size 0 bytes, startup_stm32wba52xx.o(.text))
<BR>[Address Reference Count : 1]<UL><LI> startup_stm32wba52xx.o(RESET)
</UL>
<P><STRONG><a name="[46]"></a>HASH_IRQHandler</STRONG> (Thumb, 0 bytes, Stack size 0 bytes, startup_stm32wba52xx.o(.text))
<BR>[Address Reference Count : 1]<UL><LI> startup_stm32wba52xx.o(RESET)
</UL>
<P><STRONG><a name="[4d]"></a>HSEM_IRQHandler</STRONG> (Thumb, 0 bytes, Stack size 0 bytes, startup_stm32wba52xx.o(.text))
<BR>[Address Reference Count : 1]<UL><LI> startup_stm32wba52xx.o(RESET)
</UL>
<P><STRONG><a name="[4e]"></a>HSEM_S_IRQHandler</STRONG> (Thumb, 0 bytes, Stack size 0 bytes, startup_stm32wba52xx.o(.text))
<BR>[Address Reference Count : 1]<UL><LI> startup_stm32wba52xx.o(RESET)
</UL>
<P><STRONG><a name="[37]"></a>I2C1_ER_IRQHandler</STRONG> (Thumb, 0 bytes, Stack size 0 bytes, startup_stm32wba52xx.o(.text))
<BR>[Address Reference Count : 1]<UL><LI> startup_stm32wba52xx.o(RESET)
</UL>
<P><STRONG><a name="[36]"></a>I2C1_EV_IRQHandler</STRONG> (Thumb, 0 bytes, Stack size 0 bytes, startup_stm32wba52xx.o(.text))
<BR>[Address Reference Count : 1]<UL><LI> startup_stm32wba52xx.o(RESET)
</UL>
<P><STRONG><a name="[41]"></a>I2C3_ER_IRQHandler</STRONG> (Thumb, 0 bytes, Stack size 0 bytes, startup_stm32wba52xx.o(.text))
<BR>[Address Reference Count : 1]<UL><LI> startup_stm32wba52xx.o(RESET)
</UL>
<P><STRONG><a name="[40]"></a>I2C3_EV_IRQHandler</STRONG> (Thumb, 0 bytes, Stack size 0 bytes, startup_stm32wba52xx.o(.text))
<BR>[Address Reference Count : 1]<UL><LI> startup_stm32wba52xx.o(RESET)
</UL>
<P><STRONG><a name="[49]"></a>ICACHE_IRQHandler</STRONG> (Thumb, 0 bytes, Stack size 0 bytes, startup_stm32wba52xx.o(.text))
<BR>[Address Reference Count : 1]<UL><LI> startup_stm32wba52xx.o(RESET)
</UL>
<P><STRONG><a name="[26]"></a>IWDG_IRQHandler</STRONG> (Thumb, 0 bytes, Stack size 0 bytes, startup_stm32wba52xx.o(.text))
<BR>[Address Reference Count : 1]<UL><LI> startup_stm32wba52xx.o(RESET)
</UL>
<P><STRONG><a name="[3c]"></a>LPTIM1_IRQHandler</STRONG> (Thumb, 0 bytes, Stack size 0 bytes, startup_stm32wba52xx.o(.text))
<BR>[Address Reference Count : 1]<UL><LI> startup_stm32wba52xx.o(RESET)
</UL>
<P><STRONG><a name="[3d]"></a>LPTIM2_IRQHandler</STRONG> (Thumb, 0 bytes, Stack size 0 bytes, startup_stm32wba52xx.o(.text))
<BR>[Address Reference Count : 1]<UL><LI> startup_stm32wba52xx.o(RESET)
</UL>
<P><STRONG><a name="[3b]"></a>LPUART1_IRQHandler</STRONG> (Thumb, 0 bytes, Stack size 0 bytes, startup_stm32wba52xx.o(.text))
<BR>[Address Reference Count : 1]<UL><LI> startup_stm32wba52xx.o(RESET)
</UL>
<P><STRONG><a name="[47]"></a>PKA_IRQHandler</STRONG> (Thumb, 0 bytes, Stack size 0 bytes, startup_stm32wba52xx.o(.text))
<BR>[Address Reference Count : 1]<UL><LI> startup_stm32wba52xx.o(RESET)
</UL>
<P><STRONG><a name="[c]"></a>PVD_IRQHandler</STRONG> (Thumb, 0 bytes, Stack size 0 bytes, startup_stm32wba52xx.o(.text))
<BR>[Address Reference Count : 1]<UL><LI> startup_stm32wba52xx.o(RESET)
</UL>
<P><STRONG><a name="[4b]"></a>RADIO_IRQHandler</STRONG> (Thumb, 0 bytes, Stack size 0 bytes, startup_stm32wba52xx.o(.text))
<BR>[Address Reference Count : 1]<UL><LI> startup_stm32wba52xx.o(RESET)
</UL>
<P><STRONG><a name="[10]"></a>RAMCFG_IRQHandler</STRONG> (Thumb, 0 bytes, Stack size 0 bytes, startup_stm32wba52xx.o(.text))
<BR>[Address Reference Count : 1]<UL><LI> startup_stm32wba52xx.o(RESET)
</UL>
<P><STRONG><a name="[14]"></a>RCC_IRQHandler</STRONG> (Thumb, 0 bytes, Stack size 0 bytes, startup_stm32wba52xx.o(.text))
<BR>[Address Reference Count : 1]<UL><LI> startup_stm32wba52xx.o(RESET)
</UL>
<P><STRONG><a name="[15]"></a>RCC_S_IRQHandler</STRONG> (Thumb, 0 bytes, Stack size 0 bytes, startup_stm32wba52xx.o(.text))
<BR>[Address Reference Count : 1]<UL><LI> startup_stm32wba52xx.o(RESET)
</UL>
<P><STRONG><a name="[44]"></a>RNG_IRQHandler</STRONG> (Thumb, 0 bytes, Stack size 0 bytes, startup_stm32wba52xx.o(.text))
<BR>[Address Reference Count : 1]<UL><LI> startup_stm32wba52xx.o(RESET)
</UL>
<P><STRONG><a name="[d]"></a>RTC_IRQHandler</STRONG> (Thumb, 0 bytes, Stack size 0 bytes, startup_stm32wba52xx.o(.text))
<BR>[Address Reference Count : 1]<UL><LI> startup_stm32wba52xx.o(RESET)
</UL>
<P><STRONG><a name="[e]"></a>RTC_S_IRQHandler</STRONG> (Thumb, 0 bytes, Stack size 0 bytes, startup_stm32wba52xx.o(.text))
<BR>[Address Reference Count : 1]<UL><LI> startup_stm32wba52xx.o(RESET)
</UL>
<P><STRONG><a name="[27]"></a>SAES_IRQHandler</STRONG> (Thumb, 0 bytes, Stack size 0 bytes, startup_stm32wba52xx.o(.text))
<BR>[Address Reference Count : 1]<UL><LI> startup_stm32wba52xx.o(RESET)
</UL>
<P><STRONG><a name="[38]"></a>SPI1_IRQHandler</STRONG> (Thumb, 0 bytes, Stack size 0 bytes, startup_stm32wba52xx.o(.text))
<BR>[Address Reference Count : 1]<UL><LI> startup_stm32wba52xx.o(RESET)
</UL>
<P><STRONG><a name="[48]"></a>SPI3_IRQHandler</STRONG> (Thumb, 0 bytes, Stack size 0 bytes, startup_stm32wba52xx.o(.text))
<BR>[Address Reference Count : 1]<UL><LI> startup_stm32wba52xx.o(RESET)
</UL>
<P><STRONG><a name="[f]"></a>TAMP_IRQHandler</STRONG> (Thumb, 0 bytes, Stack size 0 bytes, startup_stm32wba52xx.o(.text))
<BR>[Address Reference Count : 1]<UL><LI> startup_stm32wba52xx.o(RESET)
</UL>
<P><STRONG><a name="[3e]"></a>TIM16_IRQHandler</STRONG> (Thumb, 0 bytes, Stack size 0 bytes, startup_stm32wba52xx.o(.text))
<BR>[Address Reference Count : 1]<UL><LI> startup_stm32wba52xx.o(RESET)
</UL>
<P><STRONG><a name="[3f]"></a>TIM17_IRQHandler</STRONG> (Thumb, 0 bytes, Stack size 0 bytes, startup_stm32wba52xx.o(.text))
<BR>[Address Reference Count : 1]<UL><LI> startup_stm32wba52xx.o(RESET)
</UL>
<P><STRONG><a name="[30]"></a>TIM1_BRK_IRQHandler</STRONG> (Thumb, 0 bytes, Stack size 0 bytes, startup_stm32wba52xx.o(.text))
<BR>[Address Reference Count : 1]<UL><LI> startup_stm32wba52xx.o(RESET)
</UL>
<P><STRONG><a name="[33]"></a>TIM1_CC_IRQHandler</STRONG> (Thumb, 0 bytes, Stack size 0 bytes, startup_stm32wba52xx.o(.text))
<BR>[Address Reference Count : 1]<UL><LI> startup_stm32wba52xx.o(RESET)
</UL>
<P><STRONG><a name="[32]"></a>TIM1_TRG_COM_IRQHandler</STRONG> (Thumb, 0 bytes, Stack size 0 bytes, startup_stm32wba52xx.o(.text))
<BR>[Address Reference Count : 1]<UL><LI> startup_stm32wba52xx.o(RESET)
</UL>
<P><STRONG><a name="[31]"></a>TIM1_UP_IRQHandler</STRONG> (Thumb, 0 bytes, Stack size 0 bytes, startup_stm32wba52xx.o(.text))
<BR>[Address Reference Count : 1]<UL><LI> startup_stm32wba52xx.o(RESET)
</UL>
<P><STRONG><a name="[34]"></a>TIM2_IRQHandler</STRONG> (Thumb, 0 bytes, Stack size 0 bytes, startup_stm32wba52xx.o(.text))
<BR>[Address Reference Count : 1]<UL><LI> startup_stm32wba52xx.o(RESET)
</UL>
<P><STRONG><a name="[35]"></a>TIM3_IRQHandler</STRONG> (Thumb, 0 bytes, Stack size 0 bytes, startup_stm32wba52xx.o(.text))
<BR>[Address Reference Count : 1]<UL><LI> startup_stm32wba52xx.o(RESET)
</UL>
<P><STRONG><a name="[42]"></a>TSC_IRQHandler</STRONG> (Thumb, 0 bytes, Stack size 0 bytes, startup_stm32wba52xx.o(.text))
<BR>[Address Reference Count : 1]<UL><LI> startup_stm32wba52xx.o(RESET)
</UL>
<P><STRONG><a name="[39]"></a>USART1_IRQHandler</STRONG> (Thumb, 0 bytes, Stack size 0 bytes, startup_stm32wba52xx.o(.text))
<BR>[Address Reference Count : 1]<UL><LI> startup_stm32wba52xx.o(RESET)
</UL>
<P><STRONG><a name="[3a]"></a>USART2_IRQHandler</STRONG> (Thumb, 0 bytes, Stack size 0 bytes, startup_stm32wba52xx.o(.text))
<BR>[Address Reference Count : 1]<UL><LI> startup_stm32wba52xx.o(RESET)
</UL>
<P><STRONG><a name="[4c]"></a>WKUP_IRQHandler</STRONG> (Thumb, 0 bytes, Stack size 0 bytes, startup_stm32wba52xx.o(.text))
<BR>[Address Reference Count : 1]<UL><LI> startup_stm32wba52xx.o(RESET)
</UL>
<P><STRONG><a name="[b]"></a>WWDG_IRQHandler</STRONG> (Thumb, 0 bytes, Stack size 0 bytes, startup_stm32wba52xx.o(.text))
<BR>[Address Reference Count : 1]<UL><LI> startup_stm32wba52xx.o(RESET)
</UL>
<P><STRONG><a name="[63]"></a>__user_initial_stackheap</STRONG> (Thumb, 10 bytes, Stack size 0 bytes, startup_stm32wba52xx.o(.text))
<BR><BR>[Called By]<UL><LI><a href="#[58]">&gt;&gt;</a>&nbsp;&nbsp;&nbsp;__user_setup_stackheap
</UL>

<P><STRONG><a name="[8f]"></a>__use_two_region_memory</STRONG> (Thumb, 2 bytes, Stack size 0 bytes, heapauxi.o(.text), UNUSED)

<P><STRONG><a name="[90]"></a>__rt_heap_escrow$2region</STRONG> (Thumb, 2 bytes, Stack size 0 bytes, heapauxi.o(.text), UNUSED)

<P><STRONG><a name="[91]"></a>__rt_heap_expand$2region</STRONG> (Thumb, 2 bytes, Stack size 0 bytes, heapauxi.o(.text), UNUSED)

<P><STRONG><a name="[58]"></a>__user_setup_stackheap</STRONG> (Thumb, 74 bytes, Stack size 8 bytes, sys_stackheap_outer.o(.text))
<BR><BR>[Stack]<UL><LI>Max Depth = 8<LI>Call Chain = __user_setup_stackheap
</UL>
<BR>[Calls]<UL><LI><a href="#[62]">&gt;&gt;</a>&nbsp;&nbsp;&nbsp;__user_perproc_libspace
<LI><a href="#[63]">&gt;&gt;</a>&nbsp;&nbsp;&nbsp;__user_initial_stackheap
</UL>
<BR>[Called By]<UL><LI><a href="#[57]">&gt;&gt;</a>&nbsp;&nbsp;&nbsp;__rt_entry_sh
</UL>

<P><STRONG><a name="[5d]"></a>exit</STRONG> (Thumb, 18 bytes, Stack size 8 bytes, exit.o(.text))
<BR><BR>[Stack]<UL><LI>Max Depth = 8 + Unknown Stack Size
<LI>Call Chain = exit
</UL>
<BR>[Calls]<UL><LI><a href="#[64]">&gt;&gt;</a>&nbsp;&nbsp;&nbsp;__rt_exit
</UL>
<BR>[Called By]<UL><LI><a href="#[5b]">&gt;&gt;</a>&nbsp;&nbsp;&nbsp;__rt_entry_main
</UL>

<P><STRONG><a name="[92]"></a>__user_libspace</STRONG> (Thumb, 8 bytes, Stack size 0 bytes, libspace.o(.text), UNUSED)

<P><STRONG><a name="[62]"></a>__user_perproc_libspace</STRONG> (Thumb, 0 bytes, Stack size 0 bytes, libspace.o(.text))
<BR><BR>[Called By]<UL><LI><a href="#[58]">&gt;&gt;</a>&nbsp;&nbsp;&nbsp;__user_setup_stackheap
</UL>

<P><STRONG><a name="[93]"></a>__user_perthread_libspace</STRONG> (Thumb, 0 bytes, Stack size 0 bytes, libspace.o(.text), UNUSED)

<P><STRONG><a name="[61]"></a>_sys_exit</STRONG> (Thumb, 8 bytes, Stack size 0 bytes, sys_exit.o(.text))
<BR><BR>[Called By]<UL><LI><a href="#[60]">&gt;&gt;</a>&nbsp;&nbsp;&nbsp;__rt_exit_exit
</UL>

<P><STRONG><a name="[94]"></a>__I$use$semihosting</STRONG> (Thumb, 0 bytes, Stack size 0 bytes, use_no_semi.o(.text), UNUSED)

<P><STRONG><a name="[95]"></a>__use_no_semihosting_swi</STRONG> (Thumb, 2 bytes, Stack size 0 bytes, use_no_semi.o(.text), UNUSED)

<P><STRONG><a name="[96]"></a>__semihosting_library_function</STRONG> (Thumb, 0 bytes, Stack size unknown bytes, indicate_semi.o(.text), UNUSED)

<P><STRONG><a name="[4]"></a>BusFault_Handler</STRONG> (Thumb, 2 bytes, Stack size 0 bytes, stm32wbaxx_it.o(.text.BusFault_Handler))
<BR><BR>[Calls]<UL><LI><a href="#[4]">&gt;&gt;</a>&nbsp;&nbsp;&nbsp;BusFault_Handler
</UL>
<BR>[Called By]<UL><LI><a href="#[4]">&gt;&gt;</a>&nbsp;&nbsp;&nbsp;BusFault_Handler
</UL>
<BR>[Address Reference Count : 1]<UL><LI> startup_stm32wba52xx.o(RESET)
</UL>
<P><STRONG><a name="[8]"></a>DebugMon_Handler</STRONG> (Thumb, 2 bytes, Stack size 0 bytes, stm32wbaxx_it.o(.text.DebugMon_Handler))
<BR>[Address Reference Count : 1]<UL><LI> startup_stm32wba52xx.o(RESET)
</UL>
<P><STRONG><a name="[28]"></a>GPDMA1_Channel0_IRQHandler</STRONG> (Thumb, 36 bytes, Stack size 0 bytes, stm32wbaxx_it.o(.text.GPDMA1_Channel0_IRQHandler))
<BR><BR>[Stack]<UL><LI>Max Depth = 12<LI>Call Chain = GPDMA1_Channel0_IRQHandler &rArr; TransferError &rArr; LL_mDelay
</UL>
<BR>[Calls]<UL><LI><a href="#[65]">&gt;&gt;</a>&nbsp;&nbsp;&nbsp;TransferError
<LI><a href="#[66]">&gt;&gt;</a>&nbsp;&nbsp;&nbsp;TransferComplete
</UL>
<BR>[Address Reference Count : 1]<UL><LI> startup_stm32wba52xx.o(RESET)
</UL>
<P><STRONG><a name="[2]"></a>HardFault_Handler</STRONG> (Thumb, 2 bytes, Stack size 0 bytes, stm32wbaxx_it.o(.text.HardFault_Handler))
<BR><BR>[Calls]<UL><LI><a href="#[2]">&gt;&gt;</a>&nbsp;&nbsp;&nbsp;HardFault_Handler
</UL>
<BR>[Called By]<UL><LI><a href="#[2]">&gt;&gt;</a>&nbsp;&nbsp;&nbsp;HardFault_Handler
</UL>
<BR>[Address Reference Count : 1]<UL><LI> startup_stm32wba52xx.o(RESET)
</UL>
<P><STRONG><a name="[6c]"></a>LL_DMA_Init</STRONG> (Thumb, 304 bytes, Stack size 16 bytes, stm32wbaxx_ll_dma.o(.text.LL_DMA_Init))
<BR><BR>[Stack]<UL><LI>Max Depth = 16<LI>Call Chain = LL_DMA_Init
</UL>
<BR>[Called By]<UL><LI><a href="#[5c]">&gt;&gt;</a>&nbsp;&nbsp;&nbsp;main
</UL>

<P><STRONG><a name="[6b]"></a>LL_GPIO_Init</STRONG> (Thumb, 230 bytes, Stack size 36 bytes, stm32wbaxx_ll_gpio.o(.text.LL_GPIO_Init))
<BR><BR>[Stack]<UL><LI>Max Depth = 36<LI>Call Chain = LL_GPIO_Init
</UL>
<BR>[Called By]<UL><LI><a href="#[5c]">&gt;&gt;</a>&nbsp;&nbsp;&nbsp;main
</UL>

<P><STRONG><a name="[68]"></a>LL_Init1msTick</STRONG> (Thumb, 40 bytes, Stack size 0 bytes, stm32wbaxx_ll_utils.o(.text.LL_Init1msTick))
<BR><BR>[Called By]<UL><LI><a href="#[67]">&gt;&gt;</a>&nbsp;&nbsp;&nbsp;SystemClock_Config
</UL>

<P><STRONG><a name="[69]"></a>LL_SetSystemCoreClock</STRONG> (Thumb, 12 bytes, Stack size 0 bytes, stm32wbaxx_ll_utils.o(.text.LL_SetSystemCoreClock))
<BR><BR>[Called By]<UL><LI><a href="#[67]">&gt;&gt;</a>&nbsp;&nbsp;&nbsp;SystemClock_Config
</UL>

<P><STRONG><a name="[6a]"></a>LL_mDelay</STRONG> (Thumb, 70 bytes, Stack size 4 bytes, stm32wbaxx_ll_utils.o(.text.LL_mDelay))
<BR><BR>[Stack]<UL><LI>Max Depth = 4<LI>Call Chain = LL_mDelay
</UL>
<BR>[Called By]<UL><LI><a href="#[65]">&gt;&gt;</a>&nbsp;&nbsp;&nbsp;TransferError
<LI><a href="#[66]">&gt;&gt;</a>&nbsp;&nbsp;&nbsp;TransferComplete
</UL>

<P><STRONG><a name="[3]"></a>MemManage_Handler</STRONG> (Thumb, 2 bytes, Stack size 0 bytes, stm32wbaxx_it.o(.text.MemManage_Handler))
<BR><BR>[Calls]<UL><LI><a href="#[3]">&gt;&gt;</a>&nbsp;&nbsp;&nbsp;MemManage_Handler
</UL>
<BR>[Called By]<UL><LI><a href="#[3]">&gt;&gt;</a>&nbsp;&nbsp;&nbsp;MemManage_Handler
</UL>
<BR>[Address Reference Count : 1]<UL><LI> startup_stm32wba52xx.o(RESET)
</UL>
<P><STRONG><a name="[1]"></a>NMI_Handler</STRONG> (Thumb, 2 bytes, Stack size 0 bytes, stm32wbaxx_it.o(.text.NMI_Handler))
<BR>[Address Reference Count : 1]<UL><LI> startup_stm32wba52xx.o(RESET)
</UL>
<P><STRONG><a name="[9]"></a>PendSV_Handler</STRONG> (Thumb, 2 bytes, Stack size 0 bytes, stm32wbaxx_it.o(.text.PendSV_Handler))
<BR>[Address Reference Count : 1]<UL><LI> startup_stm32wba52xx.o(RESET)
</UL>
<P><STRONG><a name="[7]"></a>SVC_Handler</STRONG> (Thumb, 2 bytes, Stack size 0 bytes, stm32wbaxx_it.o(.text.SVC_Handler))
<BR>[Address Reference Count : 1]<UL><LI> startup_stm32wba52xx.o(RESET)
</UL>
<P><STRONG><a name="[a]"></a>SysTick_Handler</STRONG> (Thumb, 2 bytes, Stack size 0 bytes, stm32wbaxx_it.o(.text.SysTick_Handler))
<BR>[Address Reference Count : 1]<UL><LI> startup_stm32wba52xx.o(RESET)
</UL>
<P><STRONG><a name="[67]"></a>SystemClock_Config</STRONG> (Thumb, 406 bytes, Stack size 8 bytes, main.o(.text.SystemClock_Config))
<BR><BR>[Stack]<UL><LI>Max Depth = 8<LI>Call Chain = SystemClock_Config
</UL>
<BR>[Calls]<UL><LI><a href="#[69]">&gt;&gt;</a>&nbsp;&nbsp;&nbsp;LL_SetSystemCoreClock
<LI><a href="#[68]">&gt;&gt;</a>&nbsp;&nbsp;&nbsp;LL_Init1msTick
</UL>
<BR>[Called By]<UL><LI><a href="#[5c]">&gt;&gt;</a>&nbsp;&nbsp;&nbsp;main
</UL>

<P><STRONG><a name="[4f]"></a>SystemInit</STRONG> (Thumb, 248 bytes, Stack size 8 bytes, system_stm32wbaxx.o(.text.SystemInit))
<BR><BR>[Stack]<UL><LI>Max Depth = 8<LI>Call Chain = SystemInit
</UL>
<BR>[Address Reference Count : 1]<UL><LI> startup_stm32wba52xx.o(.text)
</UL>
<P><STRONG><a name="[66]"></a>TransferComplete</STRONG> (Thumb, 408 bytes, Stack size 8 bytes, main.o(.text.TransferComplete))
<BR><BR>[Stack]<UL><LI>Max Depth = 12<LI>Call Chain = TransferComplete &rArr; LL_mDelay
</UL>
<BR>[Calls]<UL><LI><a href="#[6a]">&gt;&gt;</a>&nbsp;&nbsp;&nbsp;LL_mDelay
</UL>
<BR>[Called By]<UL><LI><a href="#[28]">&gt;&gt;</a>&nbsp;&nbsp;&nbsp;GPDMA1_Channel0_IRQHandler
</UL>

<P><STRONG><a name="[65]"></a>TransferError</STRONG> (Thumb, 44 bytes, Stack size 8 bytes, main.o(.text.TransferError))
<BR><BR>[Stack]<UL><LI>Max Depth = 12<LI>Call Chain = TransferError &rArr; LL_mDelay
</UL>
<BR>[Calls]<UL><LI><a href="#[6a]">&gt;&gt;</a>&nbsp;&nbsp;&nbsp;LL_mDelay
</UL>
<BR>[Called By]<UL><LI><a href="#[28]">&gt;&gt;</a>&nbsp;&nbsp;&nbsp;GPDMA1_Channel0_IRQHandler
</UL>

<P><STRONG><a name="[5]"></a>UsageFault_Handler</STRONG> (Thumb, 2 bytes, Stack size 0 bytes, stm32wbaxx_it.o(.text.UsageFault_Handler))
<BR><BR>[Calls]<UL><LI><a href="#[5]">&gt;&gt;</a>&nbsp;&nbsp;&nbsp;UsageFault_Handler
</UL>
<BR>[Called By]<UL><LI><a href="#[5]">&gt;&gt;</a>&nbsp;&nbsp;&nbsp;UsageFault_Handler
</UL>
<BR>[Address Reference Count : 1]<UL><LI> startup_stm32wba52xx.o(RESET)
</UL>
<P><STRONG><a name="[5c]"></a>main</STRONG> (Thumb, 374 bytes, Stack size 112 bytes, main.o(.text.main))
<BR><BR>[Stack]<UL><LI>Max Depth = 148<LI>Call Chain = main &rArr; LL_GPIO_Init
</UL>
<BR>[Calls]<UL><LI><a href="#[6c]">&gt;&gt;</a>&nbsp;&nbsp;&nbsp;LL_DMA_Init
<LI><a href="#[6b]">&gt;&gt;</a>&nbsp;&nbsp;&nbsp;LL_GPIO_Init
<LI><a href="#[67]">&gt;&gt;</a>&nbsp;&nbsp;&nbsp;SystemClock_Config
</UL>
<BR>[Called By]<UL><LI><a href="#[5b]">&gt;&gt;</a>&nbsp;&nbsp;&nbsp;__rt_entry_main
</UL>

<P><STRONG><a name="[56]"></a>_fp_init</STRONG> (Thumb, 26 bytes, Stack size 0 bytes, fpinit.o(x$fpl$fpinit))
<BR><BR>[Called By]<UL><LI><a href="#[55]">&gt;&gt;</a>&nbsp;&nbsp;&nbsp;__rt_lib_init_fp_1
</UL>

<P><STRONG><a name="[97]"></a>__fplib_config_fpu_vfp</STRONG> (Thumb, 0 bytes, Stack size unknown bytes, fpinit.o(x$fpl$fpinit), UNUSED)

<P><STRONG><a name="[98]"></a>__fplib_config_pureend_doubles</STRONG> (Thumb, 0 bytes, Stack size unknown bytes, fpinit.o(x$fpl$fpinit), UNUSED)
<P>
<H3>
Local Symbols
</H3><P>
<H3>
Undefined Global Symbols
</H3><HR></body></html>
